nohup: ignoring input
[ 2022-05-28 10:46:34.655665 ] Read trait data
[ 2022-05-28 10:46:34.661270 ] Read gene data
[ 2022-05-28 10:46:34.705064 ] Perform permutation test
[ 2022-05-28 10:46:38.367865 ] Multiprocess simulate 1000 times
  0%|          | 0/1000 [00:00<?, ?it/s]  0%|          | 1/1000 [00:14<4:09:17, 14.97s/it]  0%|          | 2/1000 [00:15<2:57:26, 10.67s/it]  0%|          | 3/1000 [00:15<2:05:57,  7.58s/it]  1%|          | 6/1000 [00:16<1:28:34,  5.35s/it]  1%|          | 7/1000 [00:16<1:03:18,  3.83s/it]  1%|          | 8/1000 [00:16<44:57,  2.72s/it]    1%|          | 10/1000 [00:17<33:50,  2.05s/it]  1%|          | 11/1000 [00:17<24:24,  1.48s/it]  1%|          | 12/1000 [00:18<18:08,  1.10s/it]  1%|▏         | 13/1000 [00:19<18:20,  1.11s/it]  1%|▏         | 14/1000 [00:19<15:34,  1.05it/s]  2%|▏         | 15/1000 [00:21<18:40,  1.14s/it]  2%|▏         | 16/1000 [00:21<13:40,  1.20it/s]  2%|▏         | 17/1000 [00:21<11:09,  1.47it/s]  2%|▏         | 18/1000 [00:22<08:51,  1.85it/s]  2%|▏         | 19/1000 [00:22<06:55,  2.36it/s]  2%|▏         | 21/1000 [00:22<06:31,  2.50it/s]  2%|▏         | 23/1000 [00:23<06:59,  2.33it/s]  2%|▏         | 24/1000 [00:24<08:30,  1.91it/s]  2%|▎         | 25/1000 [00:25<09:29,  1.71it/s]  3%|▎         | 26/1000 [00:25<07:40,  2.12it/s]  3%|▎         | 27/1000 [00:25<06:54,  2.35it/s]  3%|▎         | 28/1000 [00:26<06:16,  2.58it/s]  3%|▎         | 31/1000 [00:26<04:42,  3.43it/s]  3%|▎         | 33/1000 [00:26<04:07,  3.91it/s]  3%|▎         | 34/1000 [00:27<05:05,  3.16it/s]  4%|▎         | 35/1000 [00:27<07:06,  2.26it/s]  4%|▎         | 36/1000 [00:28<06:20,  2.54it/s]  4%|▎         | 37/1000 [00:28<06:32,  2.45it/s]  4%|▍         | 38/1000 [00:28<05:17,  3.03it/s]  4%|▍         | 41/1000 [00:29<04:07,  3.87it/s]  4%|▍         | 42/1000 [00:29<06:45,  2.36it/s]  4%|▍         | 44/1000 [00:30<05:09,  3.09it/s]  4%|▍         | 45/1000 [00:30<04:17,  3.71it/s]  5%|▍         | 46/1000 [00:30<03:44,  4.25it/s]  5%|▍         | 47/1000 [00:30<05:03,  3.14it/s]  5%|▍         | 48/1000 [00:31<04:34,  3.47it/s]  5%|▌         | 50/1000 [00:31<03:47,  4.17it/s]  5%|▌         | 51/1000 [00:31<04:39,  3.40it/s]  5%|▌         | 52/1000 [00:33<11:46,  1.34it/s]  5%|▌         | 53/1000 [00:33<09:29,  1.66it/s]  5%|▌         | 54/1000 [00:34<07:55,  1.99it/s]  6%|▌         | 55/1000 [00:34<08:45,  1.80it/s]  6%|▌         | 57/1000 [00:35<07:07,  2.21it/s]  6%|▌         | 58/1000 [00:35<07:27,  2.11it/s]  6%|▌         | 59/1000 [00:35<06:10,  2.54it/s]  6%|▌         | 60/1000 [00:36<06:52,  2.28it/s]  6%|▌         | 62/1000 [00:36<05:02,  3.10it/s]  6%|▋         | 63/1000 [00:37<08:28,  1.84it/s]  7%|▋         | 66/1000 [00:37<06:17,  2.47it/s]  7%|▋         | 67/1000 [00:38<07:44,  2.01it/s]  7%|▋         | 68/1000 [00:39<08:45,  1.77it/s]  7%|▋         | 69/1000 [00:39<07:25,  2.09it/s]  7%|▋         | 71/1000 [00:39<05:28,  2.83it/s]  7%|▋         | 72/1000 [00:39<04:38,  3.33it/s]  7%|▋         | 73/1000 [00:40<06:44,  2.29it/s]  7%|▋         | 74/1000 [00:41<07:19,  2.11it/s]  8%|▊         | 75/1000 [00:41<05:35,  2.76it/s]  8%|▊         | 76/1000 [00:42<08:58,  1.72it/s]  8%|▊         | 78/1000 [00:43<07:42,  1.99it/s]  8%|▊         | 79/1000 [00:43<06:53,  2.23it/s]  8%|▊         | 82/1000 [00:43<05:15,  2.91it/s]  8%|▊         | 83/1000 [00:44<06:00,  2.54it/s]  8%|▊         | 84/1000 [00:45<08:22,  1.82it/s]  8%|▊         | 85/1000 [00:45<06:31,  2.34it/s]  9%|▊         | 87/1000 [00:45<05:19,  2.86it/s]  9%|▉         | 89/1000 [00:45<04:02,  3.76it/s]  9%|▉         | 90/1000 [00:46<08:22,  1.81it/s]  9%|▉         | 91/1000 [00:47<09:22,  1.61it/s]  9%|▉         | 92/1000 [00:48<08:18,  1.82it/s]  9%|▉         | 94/1000 [00:48<06:22,  2.37it/s] 10%|▉         | 95/1000 [00:48<05:36,  2.69it/s] 10%|▉         | 96/1000 [00:48<05:23,  2.79it/s] 10%|▉         | 98/1000 [00:49<04:00,  3.75it/s] 10%|▉         | 99/1000 [00:50<07:10,  2.09it/s] 10%|█         | 101/1000 [00:50<06:14,  2.40it/s] 10%|█         | 103/1000 [00:51<06:12,  2.41it/s] 10%|█         | 105/1000 [00:51<05:00,  2.97it/s] 11%|█         | 106/1000 [00:51<04:01,  3.71it/s] 11%|█         | 107/1000 [00:52<03:45,  3.96it/s] 11%|█         | 108/1000 [00:52<03:12,  4.63it/s] 11%|█         | 109/1000 [00:52<03:57,  3.75it/s] 11%|█         | 110/1000 [00:53<07:52,  1.88it/s] 11%|█         | 111/1000 [00:54<07:38,  1.94it/s] 11%|█▏        | 114/1000 [00:54<05:43,  2.58it/s] 12%|█▏        | 115/1000 [00:54<04:33,  3.23it/s] 12%|█▏        | 116/1000 [00:54<04:26,  3.32it/s] 12%|█▏        | 117/1000 [00:54<03:43,  3.95it/s] 12%|█▏        | 118/1000 [00:56<07:44,  1.90it/s] 12%|█▏        | 122/1000 [00:56<06:02,  2.42it/s] 12%|█▏        | 123/1000 [00:57<06:57,  2.10it/s] 12%|█▏        | 124/1000 [00:57<06:14,  2.34it/s] 12%|█▎        | 125/1000 [00:58<06:41,  2.18it/s] 13%|█▎        | 127/1000 [00:58<05:13,  2.79it/s] 13%|█▎        | 128/1000 [00:59<08:18,  1.75it/s] 13%|█▎        | 130/1000 [01:00<06:59,  2.07it/s] 13%|█▎        | 131/1000 [01:00<08:35,  1.68it/s] 13%|█▎        | 132/1000 [01:01<09:26,  1.53it/s] 13%|█▎        | 133/1000 [01:02<08:37,  1.67it/s] 13%|█▎        | 134/1000 [01:02<07:15,  1.99it/s] 14%|█▎        | 135/1000 [01:03<07:52,  1.83it/s] 14%|█▎        | 136/1000 [01:03<05:57,  2.41it/s] 14%|█▎        | 137/1000 [01:04<07:49,  1.84it/s] 14%|█▍        | 138/1000 [01:04<06:09,  2.33it/s] 14%|█▍        | 139/1000 [01:04<05:45,  2.50it/s] 14%|█▍        | 140/1000 [01:05<07:35,  1.89it/s] 14%|█▍        | 141/1000 [01:06<09:36,  1.49it/s] 14%|█▍        | 142/1000 [01:07<09:22,  1.53it/s] 14%|█▍        | 144/1000 [01:07<08:02,  1.77it/s] 15%|█▍        | 146/1000 [01:07<06:01,  2.36it/s] 15%|█▍        | 148/1000 [01:08<04:39,  3.05it/s] 15%|█▌        | 150/1000 [01:08<04:14,  3.34it/s] 15%|█▌        | 151/1000 [01:08<03:48,  3.72it/s] 15%|█▌        | 152/1000 [01:09<05:44,  2.46it/s] 15%|█▌        | 154/1000 [01:09<04:14,  3.33it/s] 16%|█▌        | 155/1000 [01:10<08:17,  1.70it/s] 16%|█▌        | 156/1000 [01:11<08:26,  1.66it/s] 16%|█▌        | 158/1000 [01:11<06:33,  2.14it/s] 16%|█▌        | 159/1000 [01:12<06:56,  2.02it/s] 16%|█▌        | 160/1000 [01:12<05:55,  2.36it/s] 16%|█▌        | 161/1000 [01:13<05:43,  2.44it/s] 16%|█▋        | 163/1000 [01:13<05:53,  2.37it/s] 17%|█▋        | 166/1000 [01:14<04:51,  2.87it/s] 17%|█▋        | 168/1000 [01:15<05:00,  2.77it/s] 17%|█▋        | 169/1000 [01:15<04:17,  3.23it/s] 17%|█▋        | 171/1000 [01:15<03:56,  3.50it/s] 17%|█▋        | 172/1000 [01:16<03:37,  3.81it/s] 17%|█▋        | 173/1000 [01:16<04:33,  3.02it/s] 18%|█▊        | 175/1000 [01:16<03:47,  3.63it/s] 18%|█▊        | 176/1000 [01:17<04:02,  3.40it/s] 18%|█▊        | 177/1000 [01:17<04:08,  3.32it/s] 18%|█▊        | 179/1000 [01:18<04:39,  2.93it/s] 18%|█▊        | 180/1000 [01:19<06:34,  2.08it/s] 18%|█▊        | 181/1000 [01:19<05:02,  2.70it/s] 18%|█▊        | 182/1000 [01:19<04:42,  2.89it/s] 18%|█▊        | 183/1000 [01:20<06:47,  2.00it/s] 18%|█▊        | 184/1000 [01:21<09:55,  1.37it/s] 18%|█▊        | 185/1000 [01:22<08:32,  1.59it/s] 19%|█▊        | 186/1000 [01:22<06:31,  2.08it/s] 19%|█▉        | 189/1000 [01:23<05:52,  2.30it/s] 19%|█▉        | 190/1000 [01:23<04:38,  2.91it/s] 19%|█▉        | 191/1000 [01:23<05:16,  2.56it/s] 19%|█▉        | 193/1000 [01:24<05:19,  2.53it/s] 20%|█▉        | 195/1000 [01:24<04:13,  3.18it/s] 20%|█▉        | 197/1000 [01:25<04:47,  2.80it/s] 20%|█▉        | 198/1000 [01:25<03:46,  3.53it/s] 20%|█▉        | 199/1000 [01:26<04:13,  3.17it/s] 20%|██        | 201/1000 [01:26<03:42,  3.59it/s] 20%|██        | 204/1000 [01:27<03:15,  4.06it/s] 20%|██        | 205/1000 [01:27<02:48,  4.71it/s] 21%|██        | 207/1000 [01:28<03:20,  3.96it/s] 21%|██        | 208/1000 [01:29<06:07,  2.16it/s] 21%|██        | 209/1000 [01:30<08:40,  1.52it/s] 21%|██        | 210/1000 [01:30<09:14,  1.42it/s] 21%|██        | 211/1000 [01:31<07:50,  1.68it/s] 21%|██▏       | 213/1000 [01:32<06:55,  1.90it/s] 21%|██▏       | 214/1000 [01:32<05:53,  2.22it/s] 22%|██▏       | 217/1000 [01:32<04:17,  3.05it/s] 22%|██▏       | 218/1000 [01:32<03:28,  3.75it/s] 22%|██▏       | 220/1000 [01:32<02:56,  4.42it/s] 22%|██▏       | 221/1000 [01:33<03:00,  4.32it/s] 22%|██▏       | 222/1000 [01:33<03:03,  4.24it/s] 22%|██▏       | 223/1000 [01:33<02:51,  4.52it/s] 22%|██▏       | 224/1000 [01:33<03:03,  4.23it/s] 23%|██▎       | 226/1000 [01:34<03:16,  3.94it/s] 23%|██▎       | 228/1000 [01:34<03:02,  4.23it/s] 23%|██▎       | 229/1000 [01:34<02:35,  4.96it/s] 23%|██▎       | 231/1000 [01:35<03:43,  3.45it/s] 23%|██▎       | 232/1000 [01:36<03:50,  3.33it/s] 23%|██▎       | 233/1000 [01:36<03:07,  4.09it/s] 23%|██▎       | 234/1000 [01:36<02:57,  4.33it/s] 24%|██▎       | 235/1000 [01:36<03:38,  3.49it/s] 24%|██▎       | 236/1000 [01:37<05:04,  2.51it/s] 24%|██▎       | 237/1000 [01:38<07:20,  1.73it/s] 24%|██▍       | 238/1000 [01:39<07:26,  1.71it/s] 24%|██▍       | 239/1000 [01:39<05:48,  2.19it/s] 24%|██▍       | 240/1000 [01:39<05:58,  2.12it/s] 24%|██▍       | 242/1000 [01:40<05:20,  2.37it/s] 24%|██▍       | 244/1000 [01:40<03:57,  3.18it/s] 24%|██▍       | 245/1000 [01:40<04:21,  2.89it/s] 25%|██▍       | 246/1000 [01:41<03:25,  3.66it/s] 25%|██▍       | 247/1000 [01:42<07:42,  1.63it/s] 25%|██▍       | 248/1000 [01:43<08:30,  1.47it/s] 25%|██▌       | 250/1000 [01:43<06:11,  2.02it/s] 25%|██▌       | 251/1000 [01:43<04:47,  2.61it/s] 25%|██▌       | 252/1000 [01:43<04:52,  2.56it/s] 25%|██▌       | 254/1000 [01:44<04:00,  3.10it/s] 26%|██▌       | 255/1000 [01:44<03:15,  3.81it/s] 26%|██▌       | 256/1000 [01:45<05:08,  2.41it/s] 26%|██▌       | 257/1000 [01:45<04:59,  2.48it/s] 26%|██▌       | 258/1000 [01:45<04:55,  2.51it/s] 26%|██▌       | 261/1000 [01:46<03:33,  3.46it/s] 26%|██▋       | 263/1000 [01:46<02:48,  4.37it/s] 26%|██▋       | 265/1000 [01:46<02:25,  5.06it/s] 27%|██▋       | 267/1000 [01:47<03:42,  3.30it/s] 27%|██▋       | 268/1000 [01:48<04:39,  2.61it/s] 27%|██▋       | 269/1000 [01:48<05:46,  2.11it/s] 27%|██▋       | 270/1000 [01:49<06:38,  1.83it/s] 27%|██▋       | 271/1000 [01:50<06:25,  1.89it/s] 27%|██▋       | 273/1000 [01:50<05:51,  2.07it/s] 28%|██▊       | 275/1000 [01:51<04:30,  2.68it/s] 28%|██▊       | 276/1000 [01:51<04:04,  2.96it/s] 28%|██▊       | 277/1000 [01:52<06:46,  1.78it/s] 28%|██▊       | 278/1000 [01:52<05:27,  2.21it/s] 28%|██▊       | 281/1000 [01:52<04:16,  2.80it/s] 28%|██▊       | 283/1000 [01:53<03:13,  3.70it/s] 28%|██▊       | 285/1000 [01:53<02:33,  4.66it/s] 29%|██▊       | 286/1000 [01:53<02:09,  5.52it/s] 29%|██▊       | 287/1000 [01:53<01:58,  6.04it/s] 29%|██▉       | 289/1000 [01:53<01:34,  7.53it/s] 29%|██▉       | 291/1000 [01:54<02:44,  4.32it/s] 29%|██▉       | 292/1000 [01:54<02:36,  4.52it/s] 29%|██▉       | 293/1000 [01:55<02:54,  4.05it/s] 29%|██▉       | 294/1000 [01:55<04:49,  2.44it/s] 30%|██▉       | 295/1000 [01:56<04:03,  2.89it/s] 30%|██▉       | 296/1000 [01:56<04:06,  2.86it/s] 30%|██▉       | 297/1000 [01:56<04:07,  2.84it/s] 30%|██▉       | 299/1000 [01:56<03:06,  3.76it/s] 30%|███       | 300/1000 [01:57<05:21,  2.18it/s] 30%|███       | 302/1000 [01:58<04:08,  2.81it/s] 30%|███       | 303/1000 [01:58<04:28,  2.60it/s] 30%|███       | 304/1000 [01:58<04:00,  2.89it/s] 31%|███       | 306/1000 [01:59<04:46,  2.42it/s] 31%|███       | 307/1000 [02:01<07:51,  1.47it/s] 31%|███       | 309/1000 [02:01<05:41,  2.02it/s] 31%|███       | 310/1000 [02:01<04:39,  2.47it/s] 31%|███       | 312/1000 [02:01<03:28,  3.30it/s] 31%|███▏      | 313/1000 [02:02<03:51,  2.97it/s] 31%|███▏      | 314/1000 [02:02<04:22,  2.61it/s] 32%|███▏      | 315/1000 [02:03<05:01,  2.27it/s] 32%|███▏      | 316/1000 [02:03<05:37,  2.03it/s] 32%|███▏      | 317/1000 [02:03<04:22,  2.60it/s] 32%|███▏      | 318/1000 [02:04<03:32,  3.20it/s] 32%|███▏      | 320/1000 [02:04<02:45,  4.11it/s] 32%|███▏      | 321/1000 [02:05<04:46,  2.37it/s] 32%|███▏      | 322/1000 [02:05<05:33,  2.03it/s] 32%|███▏      | 324/1000 [02:05<04:11,  2.68it/s] 33%|███▎      | 326/1000 [02:06<03:18,  3.40it/s] 33%|███▎      | 327/1000 [02:06<03:33,  3.15it/s] 33%|███▎      | 329/1000 [02:07<03:57,  2.82it/s] 33%|███▎      | 330/1000 [02:08<05:02,  2.21it/s] 33%|███▎      | 332/1000 [02:08<04:01,  2.76it/s] 33%|███▎      | 333/1000 [02:08<03:39,  3.04it/s] 33%|███▎      | 334/1000 [02:08<03:22,  3.29it/s] 34%|███▎      | 336/1000 [02:09<02:43,  4.07it/s] 34%|███▎      | 337/1000 [02:09<02:16,  4.86it/s] 34%|███▍      | 338/1000 [02:09<02:06,  5.23it/s] 34%|███▍      | 339/1000 [02:10<05:33,  1.98it/s] 34%|███▍      | 340/1000 [02:11<06:27,  1.70it/s] 34%|███▍      | 341/1000 [02:11<06:01,  1.82it/s] 34%|███▍      | 342/1000 [02:12<05:50,  1.88it/s] 34%|███▍      | 343/1000 [02:12<05:11,  2.11it/s] 34%|███▍      | 345/1000 [02:13<05:53,  1.85it/s] 35%|███▍      | 346/1000 [02:14<04:45,  2.29it/s] 35%|███▍      | 347/1000 [02:14<04:19,  2.51it/s] 35%|███▍      | 348/1000 [02:14<03:21,  3.23it/s] 35%|███▍      | 349/1000 [02:14<03:03,  3.55it/s] 35%|███▌      | 351/1000 [02:15<02:37,  4.13it/s] 35%|███▌      | 352/1000 [02:15<03:56,  2.74it/s] 35%|███▌      | 353/1000 [02:16<04:36,  2.34it/s] 35%|███▌      | 354/1000 [02:16<03:58,  2.71it/s] 36%|███▌      | 355/1000 [02:16<03:12,  3.34it/s] 36%|███▌      | 357/1000 [02:17<04:09,  2.58it/s] 36%|███▌      | 358/1000 [02:18<05:58,  1.79it/s] 36%|███▌      | 359/1000 [02:19<04:45,  2.25it/s] 36%|███▌      | 361/1000 [02:19<03:46,  2.82it/s] 36%|███▌      | 362/1000 [02:19<04:14,  2.51it/s] 36%|███▋      | 363/1000 [02:20<05:17,  2.01it/s] 36%|███▋      | 364/1000 [02:20<04:13,  2.51it/s] 37%|███▋      | 366/1000 [02:20<03:09,  3.34it/s] 37%|███▋      | 367/1000 [02:21<02:50,  3.71it/s] 37%|███▋      | 369/1000 [02:21<02:52,  3.65it/s] 37%|███▋      | 370/1000 [02:22<05:11,  2.02it/s] 37%|███▋      | 371/1000 [02:22<04:19,  2.43it/s] 37%|███▋      | 373/1000 [02:23<03:24,  3.07it/s] 37%|███▋      | 374/1000 [02:23<03:07,  3.34it/s] 38%|███▊      | 375/1000 [02:23<03:59,  2.61it/s] 38%|███▊      | 376/1000 [02:24<04:50,  2.15it/s] 38%|███▊      | 377/1000 [02:24<04:03,  2.56it/s] 38%|███▊      | 378/1000 [02:25<03:42,  2.80it/s] 38%|███▊      | 379/1000 [02:26<08:26,  1.22it/s] 38%|███▊      | 380/1000 [02:27<08:06,  1.28it/s] 38%|███▊      | 384/1000 [02:27<05:52,  1.75it/s] 38%|███▊      | 385/1000 [02:28<05:08,  1.99it/s] 39%|███▊      | 387/1000 [02:28<03:53,  2.62it/s] 39%|███▉      | 389/1000 [02:28<03:21,  3.03it/s] 39%|███▉      | 390/1000 [02:29<02:59,  3.40it/s] 39%|███▉      | 391/1000 [02:29<03:44,  2.71it/s] 39%|███▉      | 393/1000 [02:29<02:57,  3.42it/s] 40%|███▉      | 395/1000 [02:31<03:48,  2.65it/s] 40%|███▉      | 397/1000 [02:31<02:51,  3.51it/s] 40%|███▉      | 398/1000 [02:31<04:09,  2.41it/s] 40%|███▉      | 399/1000 [02:32<03:16,  3.06it/s] 40%|████      | 400/1000 [02:33<07:22,  1.35it/s] 40%|████      | 402/1000 [02:33<05:20,  1.86it/s] 40%|████      | 403/1000 [02:34<04:47,  2.08it/s] 40%|████      | 404/1000 [02:34<03:44,  2.65it/s] 40%|████      | 405/1000 [02:34<03:01,  3.28it/s] 41%|████      | 408/1000 [02:35<03:13,  3.06it/s] 41%|████      | 409/1000 [02:36<05:06,  1.93it/s] 41%|████      | 412/1000 [02:37<04:48,  2.04it/s] 41%|████▏     | 413/1000 [02:38<05:45,  1.70it/s] 41%|████▏     | 414/1000 [02:39<04:59,  1.95it/s] 42%|████▏     | 415/1000 [02:39<03:56,  2.47it/s] 42%|████▏     | 416/1000 [02:40<05:17,  1.84it/s] 42%|████▏     | 417/1000 [02:40<04:03,  2.40it/s] 42%|████▏     | 419/1000 [02:40<03:17,  2.94it/s] 42%|████▏     | 420/1000 [02:40<03:17,  2.93it/s] 42%|████▏     | 421/1000 [02:41<03:28,  2.78it/s] 42%|████▏     | 422/1000 [02:41<02:47,  3.45it/s] 42%|████▏     | 423/1000 [02:41<02:26,  3.94it/s] 42%|████▏     | 424/1000 [02:41<02:16,  4.22it/s] 42%|████▎     | 425/1000 [02:41<02:01,  4.73it/s] 43%|████▎     | 428/1000 [02:42<01:56,  4.93it/s] 43%|████▎     | 430/1000 [02:43<02:37,  3.62it/s] 43%|████▎     | 431/1000 [02:43<02:37,  3.60it/s] 43%|████▎     | 432/1000 [02:43<02:27,  3.84it/s] 43%|████▎     | 434/1000 [02:44<02:12,  4.27it/s] 44%|████▎     | 435/1000 [02:44<02:02,  4.60it/s] 44%|████▎     | 436/1000 [02:45<03:38,  2.58it/s] 44%|████▎     | 437/1000 [02:45<03:54,  2.40it/s] 44%|████▍     | 438/1000 [02:45<03:12,  2.92it/s] 44%|████▍     | 440/1000 [02:46<02:47,  3.34it/s] 44%|████▍     | 441/1000 [02:47<04:34,  2.04it/s] 44%|████▍     | 442/1000 [02:47<03:29,  2.66it/s] 44%|████▍     | 443/1000 [02:47<02:48,  3.30it/s] 44%|████▍     | 444/1000 [02:47<02:23,  3.87it/s] 44%|████▍     | 445/1000 [02:47<02:10,  4.25it/s] 45%|████▍     | 446/1000 [02:48<02:47,  3.30it/s] 45%|████▍     | 447/1000 [02:48<02:26,  3.79it/s] 45%|████▍     | 448/1000 [02:49<04:47,  1.92it/s] 45%|████▍     | 449/1000 [02:49<03:55,  2.34it/s] 45%|████▌     | 450/1000 [02:49<03:22,  2.71it/s] 45%|████▌     | 451/1000 [02:50<03:57,  2.31it/s] 45%|████▌     | 452/1000 [02:52<07:14,  1.26it/s] 46%|████▌     | 455/1000 [02:52<05:16,  1.72it/s] 46%|████▌     | 457/1000 [02:52<03:50,  2.35it/s] 46%|████▌     | 458/1000 [02:52<03:43,  2.43it/s] 46%|████▌     | 460/1000 [02:53<02:56,  3.07it/s] 46%|████▌     | 461/1000 [02:53<02:33,  3.51it/s] 46%|████▌     | 462/1000 [02:53<03:37,  2.48it/s] 46%|████▋     | 464/1000 [02:54<02:52,  3.12it/s] 46%|████▋     | 465/1000 [02:55<05:23,  1.65it/s] 47%|████▋     | 468/1000 [02:56<04:23,  2.02it/s] 47%|████▋     | 469/1000 [02:57<05:37,  1.57it/s] 47%|████▋     | 470/1000 [02:57<04:29,  1.96it/s] 47%|████▋     | 471/1000 [02:57<04:24,  2.00it/s] 47%|████▋     | 473/1000 [02:58<03:35,  2.44it/s] 47%|████▋     | 474/1000 [02:59<05:55,  1.48it/s] 48%|████▊     | 475/1000 [02:59<04:51,  1.80it/s] 48%|████▊     | 477/1000 [03:00<03:48,  2.29it/s] 48%|████▊     | 478/1000 [03:00<03:55,  2.22it/s] 48%|████▊     | 479/1000 [03:00<03:03,  2.84it/s] 48%|████▊     | 480/1000 [03:00<02:42,  3.19it/s] 48%|████▊     | 481/1000 [03:01<02:49,  3.06it/s] 48%|████▊     | 483/1000 [03:01<02:39,  3.25it/s] 48%|████▊     | 484/1000 [03:02<03:36,  2.38it/s] 49%|████▊     | 486/1000 [03:03<03:34,  2.40it/s] 49%|████▊     | 487/1000 [03:03<02:51,  2.99it/s] 49%|████▉     | 488/1000 [03:03<02:58,  2.86it/s] 49%|████▉     | 489/1000 [03:04<02:38,  3.22it/s] 49%|████▉     | 490/1000 [03:04<02:29,  3.42it/s] 49%|████▉     | 491/1000 [03:04<03:06,  2.73it/s] 49%|████▉     | 492/1000 [03:05<03:51,  2.20it/s] 49%|████▉     | 494/1000 [03:05<02:56,  2.86it/s] 50%|████▉     | 495/1000 [03:06<03:18,  2.55it/s] 50%|████▉     | 497/1000 [03:06<03:03,  2.75it/s] 50%|█████     | 500/1000 [03:07<02:36,  3.19it/s] 50%|█████     | 502/1000 [03:08<03:08,  2.65it/s] 50%|█████     | 504/1000 [03:08<02:30,  3.30it/s] 50%|█████     | 505/1000 [03:09<03:34,  2.31it/s] 51%|█████     | 506/1000 [03:09<03:09,  2.60it/s] 51%|█████     | 507/1000 [03:10<03:39,  2.25it/s] 51%|█████     | 511/1000 [03:10<02:38,  3.08it/s] 51%|█████     | 512/1000 [03:11<03:20,  2.43it/s] 51%|█████▏    | 514/1000 [03:11<03:16,  2.48it/s] 52%|█████▏    | 516/1000 [03:12<02:43,  2.97it/s] 52%|█████▏    | 517/1000 [03:12<03:01,  2.66it/s] 52%|█████▏    | 518/1000 [03:13<04:11,  1.91it/s] 52%|█████▏    | 519/1000 [03:13<03:48,  2.10it/s] 52%|█████▏    | 520/1000 [03:14<03:13,  2.48it/s] 52%|█████▏    | 521/1000 [03:14<02:36,  3.05it/s] 52%|█████▏    | 522/1000 [03:15<03:21,  2.37it/s] 52%|█████▏    | 523/1000 [03:15<03:05,  2.57it/s] 52%|█████▎    | 525/1000 [03:16<03:21,  2.36it/s] 53%|█████▎    | 526/1000 [03:17<05:03,  1.56it/s] 53%|█████▎    | 527/1000 [03:17<04:03,  1.94it/s] 53%|█████▎    | 528/1000 [03:18<03:33,  2.21it/s] 53%|█████▎    | 529/1000 [03:18<02:51,  2.75it/s] 53%|█████▎    | 530/1000 [03:18<03:15,  2.40it/s] 53%|█████▎    | 531/1000 [03:18<02:37,  2.97it/s] 53%|█████▎    | 532/1000 [03:19<02:36,  2.99it/s] 53%|█████▎    | 533/1000 [03:19<02:52,  2.70it/s] 54%|█████▎    | 535/1000 [03:20<03:08,  2.47it/s] 54%|█████▎    | 537/1000 [03:21<03:20,  2.31it/s] 54%|█████▍    | 538/1000 [03:21<03:14,  2.38it/s] 54%|█████▍    | 539/1000 [03:22<03:01,  2.55it/s] 54%|█████▍    | 540/1000 [03:22<03:12,  2.39it/s] 54%|█████▍    | 541/1000 [03:23<02:53,  2.65it/s] 54%|█████▍    | 543/1000 [03:23<02:17,  3.32it/s] 55%|█████▍    | 546/1000 [03:24<02:14,  3.38it/s] 55%|█████▍    | 547/1000 [03:24<02:08,  3.52it/s] 55%|█████▍    | 548/1000 [03:24<02:36,  2.89it/s] 55%|█████▌    | 551/1000 [03:25<02:16,  3.28it/s] 55%|█████▌    | 552/1000 [03:25<02:02,  3.65it/s] 55%|█████▌    | 554/1000 [03:26<01:58,  3.78it/s] 56%|█████▌    | 555/1000 [03:26<02:25,  3.06it/s] 56%|█████▌    | 556/1000 [03:27<02:39,  2.79it/s] 56%|█████▌    | 557/1000 [03:27<02:16,  3.25it/s] 56%|█████▌    | 559/1000 [03:27<02:08,  3.42it/s] 56%|█████▌    | 560/1000 [03:28<02:07,  3.44it/s] 56%|█████▌    | 561/1000 [03:28<03:09,  2.31it/s] 56%|█████▋    | 564/1000 [03:29<02:39,  2.74it/s] 56%|█████▋    | 565/1000 [03:29<02:16,  3.18it/s] 57%|█████▋    | 566/1000 [03:29<01:51,  3.88it/s] 57%|█████▋    | 568/1000 [03:30<01:28,  4.86it/s] 57%|█████▋    | 569/1000 [03:30<01:46,  4.05it/s] 57%|█████▋    | 570/1000 [03:32<06:22,  1.12it/s] 57%|█████▋    | 571/1000 [03:33<05:29,  1.30it/s] 57%|█████▋    | 573/1000 [03:33<03:57,  1.80it/s] 57%|█████▋    | 574/1000 [03:33<02:59,  2.37it/s] 58%|█████▊    | 577/1000 [03:33<02:13,  3.18it/s] 58%|█████▊    | 579/1000 [03:34<02:34,  2.73it/s] 58%|█████▊    | 580/1000 [03:35<03:20,  2.09it/s] 58%|█████▊    | 581/1000 [03:36<05:41,  1.23it/s] 58%|█████▊    | 582/1000 [03:37<04:45,  1.46it/s] 58%|█████▊    | 583/1000 [03:37<04:13,  1.64it/s] 59%|█████▊    | 586/1000 [03:37<03:02,  2.27it/s] 59%|█████▊    | 587/1000 [03:38<03:03,  2.25it/s] 59%|█████▉    | 588/1000 [03:38<02:47,  2.46it/s] 59%|█████▉    | 589/1000 [03:39<03:09,  2.17it/s] 59%|█████▉    | 590/1000 [03:39<03:13,  2.12it/s] 59%|█████▉    | 593/1000 [03:39<02:18,  2.94it/s] 60%|█████▉    | 595/1000 [03:40<02:17,  2.94it/s] 60%|█████▉    | 596/1000 [03:40<01:50,  3.67it/s] 60%|█████▉    | 598/1000 [03:41<02:06,  3.17it/s] 60%|█████▉    | 599/1000 [03:42<02:44,  2.44it/s] 60%|██████    | 601/1000 [03:42<02:19,  2.86it/s] 60%|██████    | 602/1000 [03:42<02:13,  2.98it/s] 60%|██████    | 603/1000 [03:44<03:55,  1.68it/s] 61%|██████    | 607/1000 [03:44<02:53,  2.27it/s] 61%|██████    | 609/1000 [03:46<03:45,  1.74it/s] 61%|██████    | 610/1000 [03:46<03:07,  2.08it/s] 61%|██████    | 611/1000 [03:46<02:57,  2.20it/s] 61%|██████    | 612/1000 [03:47<03:12,  2.02it/s] 61%|██████▏   | 613/1000 [03:47<02:40,  2.41it/s] 62%|██████▏   | 616/1000 [03:48<02:23,  2.68it/s] 62%|██████▏   | 618/1000 [03:48<01:46,  3.58it/s] 62%|██████▏   | 619/1000 [03:48<01:57,  3.24it/s] 62%|██████▏   | 622/1000 [03:49<01:57,  3.22it/s] 62%|██████▏   | 624/1000 [03:50<01:35,  3.96it/s] 62%|██████▎   | 625/1000 [03:50<01:51,  3.36it/s] 63%|██████▎   | 626/1000 [03:51<03:11,  1.96it/s] 63%|██████▎   | 628/1000 [03:51<02:25,  2.57it/s] 63%|██████▎   | 629/1000 [03:52<02:34,  2.40it/s] 63%|██████▎   | 631/1000 [03:52<02:00,  3.07it/s] 63%|██████▎   | 633/1000 [03:53<02:38,  2.32it/s] 63%|██████▎   | 634/1000 [03:54<03:14,  1.88it/s] 64%|██████▎   | 635/1000 [03:54<02:56,  2.07it/s] 64%|██████▎   | 636/1000 [03:55<03:30,  1.73it/s] 64%|██████▍   | 638/1000 [03:57<03:35,  1.68it/s] 64%|██████▍   | 642/1000 [03:58<03:03,  1.95it/s] 64%|██████▍   | 643/1000 [03:58<02:26,  2.44it/s] 64%|██████▍   | 644/1000 [03:58<02:16,  2.60it/s] 64%|██████▍   | 645/1000 [03:59<02:06,  2.80it/s] 65%|██████▍   | 646/1000 [03:59<02:20,  2.53it/s] 65%|██████▍   | 648/1000 [03:59<01:46,  3.30it/s] 65%|██████▍   | 649/1000 [04:00<01:55,  3.03it/s] 65%|██████▌   | 650/1000 [04:00<01:38,  3.56it/s] 65%|██████▌   | 652/1000 [04:00<01:17,  4.49it/s] 65%|██████▌   | 653/1000 [04:00<01:20,  4.33it/s] 65%|██████▌   | 654/1000 [04:01<01:24,  4.08it/s] 66%|██████▌   | 657/1000 [04:01<01:24,  4.06it/s] 66%|██████▌   | 658/1000 [04:03<03:42,  1.54it/s] 66%|██████▌   | 661/1000 [04:03<02:42,  2.08it/s] 66%|██████▌   | 662/1000 [04:04<03:37,  1.55it/s] 66%|██████▋   | 665/1000 [04:05<02:42,  2.06it/s] 67%|██████▋   | 666/1000 [04:05<02:46,  2.00it/s] 67%|██████▋   | 668/1000 [04:05<02:08,  2.58it/s] 67%|██████▋   | 669/1000 [04:06<02:04,  2.67it/s] 67%|██████▋   | 670/1000 [04:06<01:37,  3.38it/s] 67%|██████▋   | 672/1000 [04:06<01:34,  3.49it/s] 67%|██████▋   | 673/1000 [04:07<02:29,  2.19it/s] 67%|██████▋   | 674/1000 [04:08<03:48,  1.43it/s] 68%|██████▊   | 675/1000 [04:09<03:39,  1.48it/s] 68%|██████▊   | 677/1000 [04:10<02:58,  1.81it/s] 68%|██████▊   | 679/1000 [04:10<02:48,  1.90it/s] 68%|██████▊   | 680/1000 [04:11<03:19,  1.60it/s] 68%|██████▊   | 681/1000 [04:12<02:41,  1.98it/s] 68%|██████▊   | 682/1000 [04:12<02:12,  2.39it/s] 68%|██████▊   | 684/1000 [04:12<01:59,  2.65it/s] 69%|██████▊   | 686/1000 [04:13<01:33,  3.38it/s] 69%|██████▊   | 687/1000 [04:13<01:33,  3.34it/s] 69%|██████▉   | 689/1000 [04:13<01:16,  4.07it/s] 69%|██████▉   | 691/1000 [04:14<01:13,  4.20it/s] 69%|██████▉   | 692/1000 [04:14<01:59,  2.58it/s] 69%|██████▉   | 693/1000 [04:15<02:01,  2.53it/s] 69%|██████▉   | 694/1000 [04:15<01:42,  2.97it/s] 70%|██████▉   | 695/1000 [04:15<01:34,  3.22it/s] 70%|██████▉   | 696/1000 [04:15<01:28,  3.43it/s] 70%|██████▉   | 698/1000 [04:16<01:26,  3.48it/s] 70%|███████   | 700/1000 [04:17<01:33,  3.21it/s] 70%|███████   | 702/1000 [04:17<01:35,  3.13it/s] 70%|███████   | 703/1000 [04:18<01:46,  2.79it/s] 70%|███████   | 704/1000 [04:18<01:51,  2.67it/s] 71%|███████   | 707/1000 [04:18<01:20,  3.65it/s] 71%|███████   | 708/1000 [04:19<01:56,  2.51it/s] 71%|███████   | 709/1000 [04:20<02:06,  2.30it/s] 71%|███████   | 710/1000 [04:20<02:00,  2.40it/s] 71%|███████   | 712/1000 [04:20<01:36,  2.98it/s] 71%|███████▏  | 713/1000 [04:20<01:21,  3.51it/s] 71%|███████▏  | 714/1000 [04:22<03:06,  1.54it/s] 72%|███████▏  | 715/1000 [04:22<02:39,  1.79it/s] 72%|███████▏  | 716/1000 [04:23<02:15,  2.10it/s] 72%|███████▏  | 717/1000 [04:23<02:06,  2.24it/s] 72%|███████▏  | 718/1000 [04:23<01:54,  2.46it/s] 72%|███████▏  | 719/1000 [04:24<02:02,  2.30it/s] 72%|███████▏  | 720/1000 [04:24<01:59,  2.34it/s] 72%|███████▏  | 721/1000 [04:25<02:02,  2.27it/s] 72%|███████▏  | 722/1000 [04:25<01:35,  2.91it/s] 72%|███████▏  | 724/1000 [04:25<01:21,  3.40it/s] 73%|███████▎  | 726/1000 [04:26<01:16,  3.61it/s] 73%|███████▎  | 728/1000 [04:26<01:10,  3.88it/s] 73%|███████▎  | 729/1000 [04:26<01:16,  3.55it/s] 73%|███████▎  | 731/1000 [04:26<00:58,  4.60it/s] 73%|███████▎  | 732/1000 [04:27<01:10,  3.80it/s] 73%|███████▎  | 733/1000 [04:27<01:20,  3.34it/s] 73%|███████▎  | 734/1000 [04:28<01:45,  2.52it/s] 74%|███████▎  | 735/1000 [04:29<02:09,  2.04it/s] 74%|███████▎  | 736/1000 [04:29<01:53,  2.33it/s] 74%|███████▎  | 737/1000 [04:30<02:18,  1.91it/s] 74%|███████▍  | 739/1000 [04:30<02:06,  2.06it/s] 74%|███████▍  | 740/1000 [04:31<02:25,  1.79it/s] 74%|███████▍  | 741/1000 [04:31<01:59,  2.16it/s] 74%|███████▍  | 742/1000 [04:32<01:50,  2.34it/s] 74%|███████▍  | 743/1000 [04:32<01:30,  2.83it/s] 74%|███████▍  | 744/1000 [04:32<01:16,  3.34it/s] 74%|███████▍  | 745/1000 [04:32<01:25,  3.00it/s] 75%|███████▍  | 746/1000 [04:33<01:07,  3.77it/s] 75%|███████▍  | 749/1000 [04:33<00:51,  4.83it/s] 75%|███████▌  | 750/1000 [04:33<00:55,  4.47it/s] 75%|███████▌  | 752/1000 [04:33<00:48,  5.12it/s] 75%|███████▌  | 754/1000 [04:33<00:38,  6.43it/s] 76%|███████▌  | 755/1000 [04:34<01:17,  3.14it/s] 76%|███████▌  | 757/1000 [04:35<01:10,  3.43it/s] 76%|███████▌  | 758/1000 [04:36<02:47,  1.45it/s] 76%|███████▌  | 759/1000 [04:38<04:03,  1.01s/it] 76%|███████▌  | 760/1000 [04:38<02:58,  1.35it/s] 76%|███████▌  | 761/1000 [04:39<02:54,  1.37it/s] 76%|███████▌  | 762/1000 [04:39<02:36,  1.52it/s] 76%|███████▋  | 763/1000 [04:40<02:12,  1.79it/s] 76%|███████▋  | 765/1000 [04:40<01:36,  2.44it/s] 77%|███████▋  | 766/1000 [04:40<01:49,  2.13it/s] 77%|███████▋  | 768/1000 [04:40<01:21,  2.85it/s] 77%|███████▋  | 769/1000 [04:41<01:36,  2.40it/s] 77%|███████▋  | 770/1000 [04:41<01:37,  2.36it/s] 77%|███████▋  | 773/1000 [04:42<01:19,  2.84it/s] 78%|███████▊  | 775/1000 [04:43<01:22,  2.72it/s] 78%|███████▊  | 777/1000 [04:43<01:03,  3.49it/s] 78%|███████▊  | 778/1000 [04:43<01:01,  3.59it/s] 78%|███████▊  | 779/1000 [04:44<01:10,  3.13it/s] 78%|███████▊  | 782/1000 [04:45<01:24,  2.59it/s] 78%|███████▊  | 783/1000 [04:45<01:06,  3.28it/s] 78%|███████▊  | 784/1000 [04:46<00:58,  3.71it/s] 78%|███████▊  | 785/1000 [04:46<01:06,  3.24it/s] 79%|███████▊  | 786/1000 [04:46<01:10,  3.04it/s] 79%|███████▉  | 788/1000 [04:47<01:04,  3.29it/s] 79%|███████▉  | 789/1000 [04:47<01:05,  3.20it/s] 79%|███████▉  | 791/1000 [04:48<01:11,  2.93it/s] 79%|███████▉  | 793/1000 [04:49<01:14,  2.79it/s] 79%|███████▉  | 794/1000 [04:49<01:15,  2.74it/s] 80%|███████▉  | 795/1000 [04:50<01:16,  2.68it/s] 80%|███████▉  | 796/1000 [04:50<01:02,  3.26it/s] 80%|███████▉  | 797/1000 [04:50<01:07,  3.03it/s] 80%|███████▉  | 798/1000 [04:51<01:23,  2.42it/s] 80%|███████▉  | 799/1000 [04:51<01:20,  2.50it/s] 80%|████████  | 801/1000 [04:51<01:04,  3.07it/s] 80%|████████  | 803/1000 [04:52<00:49,  4.00it/s] 80%|████████  | 804/1000 [04:52<00:41,  4.74it/s] 80%|████████  | 805/1000 [04:52<00:40,  4.85it/s] 81%|████████  | 806/1000 [04:52<01:04,  3.03it/s] 81%|████████  | 807/1000 [04:53<00:57,  3.33it/s] 81%|████████  | 810/1000 [04:53<00:45,  4.20it/s] 81%|████████▏ | 814/1000 [04:54<00:38,  4.83it/s] 82%|████████▏ | 815/1000 [04:54<00:59,  3.10it/s] 82%|████████▏ | 816/1000 [04:55<01:34,  1.95it/s] 82%|████████▏ | 817/1000 [04:55<01:24,  2.15it/s] 82%|████████▏ | 818/1000 [04:57<02:05,  1.45it/s] 82%|████████▏ | 820/1000 [04:57<01:35,  1.89it/s] 82%|████████▏ | 821/1000 [04:58<01:56,  1.53it/s] 82%|████████▏ | 823/1000 [04:58<01:27,  2.02it/s] 82%|████████▏ | 824/1000 [04:58<01:12,  2.43it/s] 82%|████████▎ | 825/1000 [04:59<01:31,  1.92it/s] 83%|████████▎ | 827/1000 [05:00<01:15,  2.29it/s] 83%|████████▎ | 828/1000 [05:00<01:10,  2.44it/s] 83%|████████▎ | 829/1000 [05:01<01:16,  2.23it/s] 83%|████████▎ | 830/1000 [05:01<01:09,  2.44it/s] 83%|████████▎ | 832/1000 [05:01<01:03,  2.64it/s] 83%|████████▎ | 833/1000 [05:02<01:19,  2.11it/s] 83%|████████▎ | 834/1000 [05:02<01:09,  2.38it/s] 84%|████████▎ | 835/1000 [05:03<01:18,  2.09it/s] 84%|████████▎ | 836/1000 [05:04<01:29,  1.84it/s] 84%|████████▎ | 837/1000 [05:04<01:24,  1.93it/s] 84%|████████▍ | 838/1000 [05:05<01:15,  2.16it/s] 84%|████████▍ | 839/1000 [05:05<01:30,  1.79it/s] 84%|████████▍ | 840/1000 [05:05<01:08,  2.33it/s] 84%|████████▍ | 842/1000 [05:06<00:52,  2.98it/s] 84%|████████▍ | 843/1000 [05:06<00:47,  3.27it/s] 84%|████████▍ | 844/1000 [05:06<00:46,  3.35it/s] 84%|████████▍ | 845/1000 [05:07<01:02,  2.47it/s] 85%|████████▍ | 848/1000 [05:08<00:55,  2.74it/s] 85%|████████▍ | 849/1000 [05:08<00:47,  3.20it/s] 85%|████████▌ | 851/1000 [05:08<00:40,  3.68it/s] 85%|████████▌ | 853/1000 [05:09<00:48,  3.00it/s] 86%|████████▌ | 856/1000 [05:09<00:35,  4.05it/s] 86%|████████▌ | 857/1000 [05:10<01:14,  1.93it/s] 86%|████████▌ | 858/1000 [05:12<01:46,  1.33it/s] 86%|████████▌ | 859/1000 [05:12<01:39,  1.42it/s] 86%|████████▌ | 861/1000 [05:13<01:14,  1.86it/s] 86%|████████▌ | 862/1000 [05:14<01:49,  1.26it/s] 86%|████████▋ | 864/1000 [05:14<01:19,  1.70it/s] 87%|████████▋ | 867/1000 [05:14<00:57,  2.30it/s] 87%|████████▋ | 868/1000 [05:15<00:45,  2.90it/s] 87%|████████▋ | 869/1000 [05:15<00:36,  3.62it/s] 87%|████████▋ | 870/1000 [05:15<00:40,  3.19it/s] 87%|████████▋ | 871/1000 [05:16<01:06,  1.95it/s] 87%|████████▋ | 872/1000 [05:17<01:06,  1.92it/s] 87%|████████▋ | 873/1000 [05:17<01:16,  1.66it/s] 87%|████████▋ | 874/1000 [05:18<01:15,  1.67it/s] 88%|████████▊ | 875/1000 [05:18<01:01,  2.04it/s] 88%|████████▊ | 876/1000 [05:19<01:18,  1.58it/s] 88%|████████▊ | 877/1000 [05:20<01:07,  1.82it/s] 88%|████████▊ | 879/1000 [05:20<00:50,  2.38it/s] 88%|████████▊ | 880/1000 [05:20<00:48,  2.48it/s] 88%|████████▊ | 881/1000 [05:20<00:43,  2.76it/s] 88%|████████▊ | 883/1000 [05:21<00:32,  3.61it/s] 88%|████████▊ | 885/1000 [05:21<00:27,  4.17it/s] 89%|████████▊ | 886/1000 [05:21<00:26,  4.34it/s] 89%|████████▊ | 887/1000 [05:21<00:27,  4.05it/s] 89%|████████▉ | 889/1000 [05:22<00:28,  3.84it/s] 89%|████████▉ | 890/1000 [05:22<00:24,  4.51it/s] 89%|████████▉ | 891/1000 [05:23<00:44,  2.46it/s] 89%|████████▉ | 892/1000 [05:23<00:39,  2.73it/s] 89%|████████▉ | 893/1000 [05:24<00:39,  2.70it/s] 90%|████████▉ | 895/1000 [05:24<00:37,  2.78it/s] 90%|████████▉ | 896/1000 [05:25<00:37,  2.77it/s] 90%|████████▉ | 897/1000 [05:25<00:37,  2.78it/s] 90%|████████▉ | 898/1000 [05:25<00:35,  2.90it/s] 90%|████████▉ | 899/1000 [05:27<01:04,  1.56it/s] 90%|█████████ | 901/1000 [05:27<00:47,  2.08it/s] 90%|█████████ | 902/1000 [05:27<00:38,  2.56it/s] 90%|█████████ | 903/1000 [05:28<00:43,  2.21it/s] 90%|█████████ | 904/1000 [05:28<00:41,  2.31it/s] 91%|█████████ | 906/1000 [05:28<00:31,  3.01it/s] 91%|█████████ | 908/1000 [05:29<00:25,  3.56it/s] 91%|█████████ | 910/1000 [05:29<00:21,  4.20it/s] 91%|█████████ | 911/1000 [05:29<00:23,  3.83it/s] 91%|█████████ | 912/1000 [05:30<00:27,  3.16it/s] 91%|█████████▏| 913/1000 [05:30<00:26,  3.26it/s] 91%|█████████▏| 914/1000 [05:30<00:32,  2.61it/s] 92%|█████████▏| 915/1000 [05:31<00:27,  3.13it/s] 92%|█████████▏| 916/1000 [05:31<00:31,  2.68it/s] 92%|█████████▏| 917/1000 [05:31<00:26,  3.12it/s] 92%|█████████▏| 919/1000 [05:32<00:21,  3.79it/s] 92%|█████████▏| 920/1000 [05:32<00:33,  2.38it/s] 92%|█████████▏| 922/1000 [05:32<00:24,  3.16it/s] 92%|█████████▏| 923/1000 [05:33<00:20,  3.79it/s] 92%|█████████▎| 925/1000 [05:33<00:21,  3.41it/s] 93%|█████████▎| 926/1000 [05:34<00:18,  3.93it/s] 93%|█████████▎| 927/1000 [05:34<00:15,  4.64it/s] 93%|█████████▎| 928/1000 [05:34<00:15,  4.65it/s] 93%|█████████▎| 929/1000 [05:34<00:22,  3.22it/s] 93%|█████████▎| 930/1000 [05:35<00:26,  2.66it/s] 93%|█████████▎| 931/1000 [05:35<00:22,  3.10it/s] 93%|█████████▎| 934/1000 [05:37<00:24,  2.75it/s] 94%|█████████▎| 935/1000 [05:37<00:34,  1.91it/s] 94%|█████████▎| 936/1000 [05:38<00:43,  1.46it/s] 94%|█████████▎| 937/1000 [05:39<00:32,  1.95it/s] 94%|█████████▍| 939/1000 [05:39<00:23,  2.54it/s] 94%|█████████▍| 940/1000 [05:40<00:33,  1.79it/s] 94%|█████████▍| 942/1000 [05:40<00:27,  2.13it/s] 94%|█████████▍| 944/1000 [05:41<00:22,  2.54it/s] 95%|█████████▍| 946/1000 [05:41<00:16,  3.33it/s] 95%|█████████▍| 947/1000 [05:42<00:24,  2.13it/s] 95%|█████████▍| 948/1000 [05:42<00:27,  1.91it/s] 95%|█████████▌| 950/1000 [05:43<00:19,  2.59it/s] 95%|█████████▌| 951/1000 [05:43<00:23,  2.09it/s] 95%|█████████▌| 953/1000 [05:43<00:16,  2.83it/s] 95%|█████████▌| 954/1000 [05:44<00:25,  1.82it/s] 96%|█████████▌| 955/1000 [05:45<00:29,  1.54it/s] 96%|█████████▌| 957/1000 [05:45<00:20,  2.05it/s] 96%|█████████▌| 958/1000 [05:46<00:19,  2.21it/s] 96%|█████████▌| 959/1000 [05:46<00:19,  2.11it/s] 96%|█████████▌| 960/1000 [05:47<00:17,  2.32it/s] 96%|█████████▌| 961/1000 [05:47<00:13,  2.89it/s] 96%|█████████▌| 962/1000 [05:48<00:25,  1.50it/s] 96%|█████████▋| 964/1000 [05:49<00:18,  1.95it/s] 97%|█████████▋| 967/1000 [05:49<00:12,  2.63it/s] 97%|█████████▋| 969/1000 [05:49<00:08,  3.47it/s] 97%|█████████▋| 970/1000 [05:49<00:06,  4.31it/s] 97%|█████████▋| 971/1000 [05:49<00:05,  5.17it/s] 97%|█████████▋| 972/1000 [05:50<00:07,  3.59it/s] 97%|█████████▋| 973/1000 [05:50<00:10,  2.53it/s] 97%|█████████▋| 974/1000 [05:50<00:09,  2.81it/s] 98%|█████████▊| 975/1000 [05:51<00:08,  2.86it/s] 98%|█████████▊| 976/1000 [05:51<00:10,  2.33it/s] 98%|█████████▊| 977/1000 [05:52<00:08,  2.65it/s] 98%|█████████▊| 978/1000 [05:52<00:09,  2.20it/s] 98%|█████████▊| 981/1000 [05:53<00:06,  2.82it/s] 98%|█████████▊| 983/1000 [05:53<00:05,  3.05it/s] 98%|█████████▊| 984/1000 [05:53<00:04,  3.25it/s] 99%|█████████▊| 986/1000 [05:54<00:03,  4.16it/s] 99%|█████████▊| 987/1000 [05:54<00:03,  4.27it/s] 99%|█████████▉| 989/1000 [05:54<00:02,  5.41it/s] 99%|█████████▉| 990/1000 [05:55<00:02,  3.63it/s] 99%|█████████▉| 991/1000 [05:55<00:03,  2.76it/s] 99%|█████████▉| 992/1000 [05:56<00:03,  2.26it/s] 99%|█████████▉| 993/1000 [05:56<00:02,  2.33it/s] 99%|█████████▉| 994/1000 [05:56<00:02,  2.51it/s]100%|█████████▉| 995/1000 [05:57<00:02,  2.32it/s]100%|█████████▉| 997/1000 [05:57<00:00,  3.02it/s]100%|█████████▉| 999/1000 [05:57<00:00,  3.96it/s]100%|██████████| 1000/1000 [05:57<00:00,  4.60it/s]100%|██████████| 1000/1000 [05:57<00:00,  2.79it/s]
[ 2022-05-28 10:52:37.169106 ] Calculate Evolink index
[ 2022-05-28 10:52:46.800924 ] Output result
