nohup: ignoring input
[ 2022-05-28 10:46:41.465082 ] Read trait data
[ 2022-05-28 10:46:41.470212 ] Read gene data
[ 2022-05-28 10:46:41.501469 ] Perform permutation test
[ 2022-05-28 10:46:44.309199 ] Multiprocess simulate 1000 times
  0%|          | 0/1000 [00:00<?, ?it/s]  0%|          | 1/1000 [00:12<3:21:33, 12.11s/it]  0%|          | 2/1000 [00:12<2:25:04,  8.72s/it]  0%|          | 3/1000 [00:13<1:43:51,  6.25s/it]  0%|          | 4/1000 [00:13<1:14:32,  4.49s/it]  0%|          | 5/1000 [00:14<57:14,  3.45s/it]    1%|          | 6/1000 [00:15<41:16,  2.49s/it]  1%|          | 8/1000 [00:16<31:20,  1.90s/it]  1%|          | 10/1000 [00:17<24:27,  1.48s/it]  1%|          | 11/1000 [00:17<17:41,  1.07s/it]  1%|          | 12/1000 [00:17<15:54,  1.03it/s]  1%|▏         | 13/1000 [00:18<14:33,  1.13it/s]  2%|▏         | 15/1000 [00:19<11:40,  1.41it/s]  2%|▏         | 16/1000 [00:19<09:57,  1.65it/s]  2%|▏         | 18/1000 [00:19<07:44,  2.12it/s]  2%|▏         | 20/1000 [00:20<05:45,  2.84it/s]  2%|▏         | 21/1000 [00:20<05:32,  2.94it/s]  2%|▏         | 22/1000 [00:20<05:47,  2.82it/s]  2%|▏         | 23/1000 [00:21<06:08,  2.65it/s]  3%|▎         | 27/1000 [00:22<05:33,  2.91it/s]  3%|▎         | 28/1000 [00:22<04:24,  3.67it/s]  3%|▎         | 29/1000 [00:22<03:43,  4.34it/s]  3%|▎         | 32/1000 [00:23<03:35,  4.49it/s]  3%|▎         | 33/1000 [00:23<03:14,  4.98it/s]  3%|▎         | 34/1000 [00:23<04:11,  3.83it/s]  4%|▎         | 35/1000 [00:23<04:15,  3.78it/s]  4%|▎         | 36/1000 [00:24<03:41,  4.36it/s]  4%|▎         | 37/1000 [00:24<06:37,  2.42it/s]  4%|▍         | 38/1000 [00:25<05:17,  3.03it/s]  4%|▍         | 39/1000 [00:25<06:52,  2.33it/s]  4%|▍         | 41/1000 [00:25<05:13,  3.06it/s]  4%|▍         | 43/1000 [00:26<05:15,  3.04it/s]  4%|▍         | 44/1000 [00:27<08:04,  1.97it/s]  4%|▍         | 45/1000 [00:28<09:58,  1.60it/s]  5%|▍         | 46/1000 [00:29<10:51,  1.46it/s]  5%|▍         | 47/1000 [00:30<11:55,  1.33it/s]  5%|▍         | 48/1000 [00:30<09:09,  1.73it/s]  5%|▍         | 49/1000 [00:30<07:39,  2.07it/s]  5%|▌         | 50/1000 [00:31<07:38,  2.07it/s]  5%|▌         | 51/1000 [00:31<07:13,  2.19it/s]  5%|▌         | 52/1000 [00:31<06:28,  2.44it/s]  5%|▌         | 54/1000 [00:32<06:35,  2.39it/s]  6%|▌         | 55/1000 [00:32<05:05,  3.10it/s]  6%|▌         | 56/1000 [00:33<05:07,  3.07it/s]  6%|▌         | 58/1000 [00:33<04:26,  3.54it/s]  6%|▌         | 59/1000 [00:33<04:08,  3.79it/s]  6%|▌         | 61/1000 [00:33<03:38,  4.29it/s]  6%|▌         | 62/1000 [00:34<03:28,  4.50it/s]  6%|▋         | 63/1000 [00:34<04:45,  3.28it/s]  6%|▋         | 64/1000 [00:34<04:02,  3.87it/s]  6%|▋         | 65/1000 [00:34<03:28,  4.48it/s]  7%|▋         | 66/1000 [00:35<02:55,  5.32it/s]  7%|▋         | 67/1000 [00:35<03:19,  4.67it/s]  7%|▋         | 70/1000 [00:35<02:52,  5.39it/s]  7%|▋         | 71/1000 [00:36<04:29,  3.45it/s]  7%|▋         | 72/1000 [00:36<04:16,  3.61it/s]  7%|▋         | 73/1000 [00:36<05:24,  2.85it/s]  8%|▊         | 75/1000 [00:37<04:43,  3.26it/s]  8%|▊         | 77/1000 [00:37<03:42,  4.16it/s]  8%|▊         | 78/1000 [00:37<03:07,  4.92it/s]  8%|▊         | 79/1000 [00:38<06:51,  2.24it/s]  8%|▊         | 80/1000 [00:38<05:17,  2.90it/s]  8%|▊         | 81/1000 [00:39<08:52,  1.72it/s]  8%|▊         | 84/1000 [00:40<06:32,  2.33it/s]  8%|▊         | 85/1000 [00:41<08:38,  1.76it/s]  9%|▊         | 87/1000 [00:41<07:30,  2.03it/s]  9%|▉         | 88/1000 [00:42<08:14,  1.85it/s]  9%|▉         | 90/1000 [00:42<06:12,  2.45it/s]  9%|▉         | 91/1000 [00:42<04:51,  3.12it/s]  9%|▉         | 93/1000 [00:44<06:35,  2.29it/s] 10%|▉         | 96/1000 [00:44<04:51,  3.10it/s] 10%|▉         | 97/1000 [00:44<04:34,  3.29it/s] 10%|▉         | 98/1000 [00:44<03:41,  4.07it/s] 10%|█         | 101/1000 [00:44<03:03,  4.89it/s] 10%|█         | 102/1000 [00:45<06:35,  2.27it/s] 10%|█         | 103/1000 [00:46<07:01,  2.13it/s] 10%|█         | 105/1000 [00:46<05:41,  2.62it/s] 11%|█         | 106/1000 [00:46<04:32,  3.28it/s] 11%|█         | 107/1000 [00:47<04:33,  3.26it/s] 11%|█         | 108/1000 [00:47<04:57,  3.00it/s] 11%|█         | 109/1000 [00:48<08:01,  1.85it/s] 11%|█         | 110/1000 [00:48<06:54,  2.15it/s] 11%|█         | 111/1000 [00:49<07:47,  1.90it/s] 11%|█         | 112/1000 [00:49<06:53,  2.15it/s] 11%|█▏        | 113/1000 [00:50<08:31,  1.73it/s] 12%|█▏        | 116/1000 [00:51<06:43,  2.19it/s] 12%|█▏        | 117/1000 [00:51<05:41,  2.58it/s] 12%|█▏        | 119/1000 [00:52<05:14,  2.80it/s] 12%|█▏        | 120/1000 [00:52<07:13,  2.03it/s] 12%|█▏        | 122/1000 [00:53<06:20,  2.31it/s] 12%|█▏        | 124/1000 [00:53<04:39,  3.13it/s] 13%|█▎        | 126/1000 [00:54<04:43,  3.08it/s] 13%|█▎        | 127/1000 [00:54<04:47,  3.03it/s] 13%|█▎        | 128/1000 [00:54<04:04,  3.57it/s] 13%|█▎        | 130/1000 [00:55<03:22,  4.29it/s] 13%|█▎        | 131/1000 [00:55<03:16,  4.41it/s] 13%|█▎        | 132/1000 [00:55<03:27,  4.18it/s] 13%|█▎        | 134/1000 [00:55<02:38,  5.48it/s] 14%|█▎        | 135/1000 [00:55<02:32,  5.66it/s] 14%|█▎        | 136/1000 [00:56<04:47,  3.00it/s] 14%|█▍        | 139/1000 [00:56<03:59,  3.60it/s] 14%|█▍        | 140/1000 [00:57<07:08,  2.01it/s] 14%|█▍        | 141/1000 [00:58<06:37,  2.16it/s] 14%|█▍        | 142/1000 [00:58<07:00,  2.04it/s] 14%|█▍        | 143/1000 [00:59<06:39,  2.15it/s] 14%|█▍        | 145/1000 [00:59<05:26,  2.62it/s] 15%|█▍        | 146/1000 [01:00<07:31,  1.89it/s] 15%|█▍        | 147/1000 [01:01<07:15,  1.96it/s] 15%|█▍        | 148/1000 [01:01<06:11,  2.29it/s] 15%|█▍        | 149/1000 [01:02<07:26,  1.91it/s] 15%|█▌        | 150/1000 [01:03<09:51,  1.44it/s] 15%|█▌        | 151/1000 [01:03<10:14,  1.38it/s] 15%|█▌        | 152/1000 [01:04<11:09,  1.27it/s] 15%|█▌        | 153/1000 [01:05<08:52,  1.59it/s] 15%|█▌        | 154/1000 [01:06<10:15,  1.38it/s] 16%|█▌        | 155/1000 [01:06<07:39,  1.84it/s] 16%|█▌        | 156/1000 [01:06<06:39,  2.11it/s] 16%|█▌        | 157/1000 [01:07<06:59,  2.01it/s] 16%|█▌        | 158/1000 [01:08<11:06,  1.26it/s] 16%|█▌        | 159/1000 [01:08<08:42,  1.61it/s] 16%|█▌        | 162/1000 [01:09<06:47,  2.06it/s] 16%|█▋        | 163/1000 [01:09<07:53,  1.77it/s] 16%|█▋        | 165/1000 [01:10<06:15,  2.22it/s] 17%|█▋        | 166/1000 [01:10<05:06,  2.72it/s] 17%|█▋        | 167/1000 [01:10<04:59,  2.78it/s] 17%|█▋        | 170/1000 [01:11<04:04,  3.39it/s] 17%|█▋        | 171/1000 [01:13<10:36,  1.30it/s] 17%|█▋        | 172/1000 [01:13<09:36,  1.44it/s] 17%|█▋        | 174/1000 [01:13<07:02,  1.95it/s] 18%|█▊        | 175/1000 [01:14<05:54,  2.33it/s] 18%|█▊        | 177/1000 [01:14<05:19,  2.58it/s] 18%|█▊        | 178/1000 [01:15<05:53,  2.33it/s] 18%|█▊        | 179/1000 [01:15<05:34,  2.45it/s] 18%|█▊        | 180/1000 [01:16<05:58,  2.29it/s] 18%|█▊        | 181/1000 [01:16<05:37,  2.42it/s] 18%|█▊        | 183/1000 [01:17<05:18,  2.57it/s] 18%|█▊        | 184/1000 [01:17<04:47,  2.83it/s] 19%|█▊        | 186/1000 [01:19<07:02,  1.92it/s] 19%|█▉        | 188/1000 [01:19<05:36,  2.42it/s] 19%|█▉        | 190/1000 [01:19<04:52,  2.77it/s] 19%|█▉        | 191/1000 [01:20<04:46,  2.83it/s] 19%|█▉        | 192/1000 [01:21<06:33,  2.05it/s] 19%|█▉        | 193/1000 [01:22<08:43,  1.54it/s] 19%|█▉        | 194/1000 [01:22<06:52,  1.96it/s] 20%|█▉        | 195/1000 [01:22<05:41,  2.36it/s] 20%|█▉        | 197/1000 [01:22<04:20,  3.08it/s] 20%|█▉        | 198/1000 [01:23<04:03,  3.30it/s] 20%|██        | 200/1000 [01:23<03:30,  3.79it/s] 20%|██        | 201/1000 [01:23<04:31,  2.94it/s] 20%|██        | 203/1000 [01:24<03:28,  3.83it/s] 20%|██        | 204/1000 [01:24<03:31,  3.76it/s] 20%|██        | 205/1000 [01:24<03:16,  4.04it/s] 21%|██        | 208/1000 [01:25<03:38,  3.63it/s] 21%|██        | 209/1000 [01:25<04:05,  3.22it/s] 21%|██        | 210/1000 [01:26<04:07,  3.19it/s] 21%|██        | 211/1000 [01:27<06:11,  2.12it/s] 21%|██        | 212/1000 [01:27<06:02,  2.17it/s] 21%|██▏       | 213/1000 [01:28<07:58,  1.65it/s] 21%|██▏       | 214/1000 [01:28<07:13,  1.81it/s] 22%|██▏       | 215/1000 [01:29<06:35,  1.99it/s] 22%|██▏       | 216/1000 [01:29<06:21,  2.06it/s] 22%|██▏       | 218/1000 [01:30<05:14,  2.49it/s] 22%|██▏       | 219/1000 [01:30<04:59,  2.61it/s] 22%|██▏       | 220/1000 [01:31<09:12,  1.41it/s] 22%|██▏       | 221/1000 [01:32<06:53,  1.88it/s] 22%|██▏       | 223/1000 [01:32<05:51,  2.21it/s] 22%|██▎       | 225/1000 [01:33<05:43,  2.26it/s] 23%|██▎       | 227/1000 [01:33<04:56,  2.61it/s] 23%|██▎       | 228/1000 [01:34<04:58,  2.59it/s] 23%|██▎       | 229/1000 [01:34<04:16,  3.01it/s] 23%|██▎       | 231/1000 [01:34<03:43,  3.44it/s] 23%|██▎       | 232/1000 [01:35<03:24,  3.76it/s] 23%|██▎       | 234/1000 [01:35<03:21,  3.79it/s] 24%|██▎       | 235/1000 [01:35<03:26,  3.71it/s] 24%|██▎       | 236/1000 [01:36<03:55,  3.24it/s] 24%|██▎       | 237/1000 [01:37<08:13,  1.55it/s] 24%|██▍       | 238/1000 [01:37<06:23,  1.99it/s] 24%|██▍       | 239/1000 [01:38<06:48,  1.86it/s] 24%|██▍       | 240/1000 [01:38<05:35,  2.27it/s] 24%|██▍       | 241/1000 [01:39<04:58,  2.54it/s] 24%|██▍       | 242/1000 [01:39<04:01,  3.14it/s] 24%|██▍       | 243/1000 [01:39<03:55,  3.21it/s] 24%|██▍       | 244/1000 [01:39<03:28,  3.63it/s] 24%|██▍       | 245/1000 [01:39<02:59,  4.21it/s] 25%|██▍       | 247/1000 [01:40<02:36,  4.82it/s] 25%|██▍       | 248/1000 [01:40<02:38,  4.74it/s] 25%|██▍       | 249/1000 [01:40<02:13,  5.61it/s] 25%|██▌       | 251/1000 [01:40<01:57,  6.36it/s] 25%|██▌       | 253/1000 [01:41<03:17,  3.79it/s] 26%|██▌       | 256/1000 [01:43<04:22,  2.83it/s] 26%|██▌       | 259/1000 [01:43<03:17,  3.76it/s] 26%|██▌       | 260/1000 [01:43<04:00,  3.08it/s] 26%|██▌       | 261/1000 [01:44<03:51,  3.19it/s] 26%|██▌       | 262/1000 [01:44<03:46,  3.25it/s] 26%|██▋       | 263/1000 [01:45<05:26,  2.26it/s] 26%|██▋       | 264/1000 [01:45<05:22,  2.28it/s] 26%|██▋       | 265/1000 [01:45<04:33,  2.68it/s] 27%|██▋       | 267/1000 [01:46<03:37,  3.36it/s] 27%|██▋       | 270/1000 [01:46<02:43,  4.47it/s] 27%|██▋       | 271/1000 [01:48<10:01,  1.21it/s] 27%|██▋       | 272/1000 [01:48<08:02,  1.51it/s] 28%|██▊       | 275/1000 [01:50<07:17,  1.66it/s] 28%|██▊       | 277/1000 [01:50<05:30,  2.19it/s] 28%|██▊       | 278/1000 [01:50<04:18,  2.79it/s] 28%|██▊       | 280/1000 [01:51<04:38,  2.59it/s] 28%|██▊       | 281/1000 [01:51<04:13,  2.84it/s] 28%|██▊       | 285/1000 [01:52<03:06,  3.84it/s] 29%|██▊       | 287/1000 [01:54<06:00,  1.98it/s] 29%|██▉       | 290/1000 [01:54<04:24,  2.68it/s] 29%|██▉       | 292/1000 [01:55<04:42,  2.51it/s] 29%|██▉       | 294/1000 [01:55<03:49,  3.08it/s] 30%|██▉       | 297/1000 [01:55<02:59,  3.91it/s] 30%|██▉       | 298/1000 [01:56<03:08,  3.72it/s] 30%|██▉       | 299/1000 [01:56<04:24,  2.65it/s] 30%|███       | 301/1000 [01:57<03:52,  3.01it/s] 30%|███       | 302/1000 [01:57<03:47,  3.07it/s] 30%|███       | 303/1000 [01:58<04:15,  2.73it/s] 30%|███       | 304/1000 [01:58<04:20,  2.67it/s] 30%|███       | 305/1000 [01:58<03:23,  3.41it/s] 31%|███       | 306/1000 [01:58<03:51,  3.00it/s] 31%|███       | 307/1000 [01:59<03:45,  3.08it/s] 31%|███       | 308/1000 [01:59<03:46,  3.05it/s] 31%|███       | 309/1000 [01:59<03:39,  3.14it/s] 31%|███       | 311/1000 [02:00<03:32,  3.24it/s] 31%|███       | 312/1000 [02:00<02:55,  3.91it/s] 31%|███▏      | 313/1000 [02:01<04:23,  2.61it/s] 32%|███▏      | 315/1000 [02:01<04:18,  2.65it/s] 32%|███▏      | 316/1000 [02:02<03:49,  2.98it/s] 32%|███▏      | 317/1000 [02:02<05:05,  2.23it/s] 32%|███▏      | 318/1000 [02:04<07:53,  1.44it/s] 32%|███▏      | 319/1000 [02:04<06:08,  1.85it/s] 32%|███▏      | 320/1000 [02:05<07:53,  1.43it/s] 32%|███▏      | 324/1000 [02:05<05:36,  2.01it/s] 33%|███▎      | 326/1000 [02:05<04:14,  2.65it/s] 33%|███▎      | 328/1000 [02:06<03:27,  3.24it/s] 33%|███▎      | 329/1000 [02:07<05:39,  1.98it/s] 33%|███▎      | 331/1000 [02:07<04:48,  2.32it/s] 33%|███▎      | 333/1000 [02:07<03:41,  3.01it/s] 34%|███▎      | 335/1000 [02:08<03:05,  3.58it/s] 34%|███▎      | 336/1000 [02:08<03:44,  2.96it/s] 34%|███▎      | 337/1000 [02:09<06:31,  1.69it/s] 34%|███▍      | 338/1000 [02:10<07:17,  1.51it/s] 34%|███▍      | 339/1000 [02:10<06:07,  1.80it/s] 34%|███▍      | 341/1000 [02:11<05:15,  2.09it/s] 34%|███▍      | 343/1000 [02:11<03:52,  2.83it/s] 34%|███▍      | 344/1000 [02:11<03:10,  3.43it/s] 34%|███▍      | 345/1000 [02:12<03:10,  3.44it/s] 35%|███▍      | 346/1000 [02:13<05:32,  1.97it/s] 35%|███▍      | 349/1000 [02:13<04:02,  2.68it/s] 35%|███▌      | 351/1000 [02:13<03:48,  2.84it/s] 35%|███▌      | 352/1000 [02:15<07:26,  1.45it/s] 35%|███▌      | 353/1000 [02:15<06:18,  1.71it/s] 35%|███▌      | 354/1000 [02:15<04:55,  2.19it/s] 36%|███▌      | 356/1000 [02:15<03:43,  2.88it/s] 36%|███▌      | 357/1000 [02:16<03:45,  2.85it/s] 36%|███▌      | 358/1000 [02:16<03:09,  3.38it/s] 36%|███▌      | 360/1000 [02:16<02:48,  3.79it/s] 36%|███▌      | 361/1000 [02:17<02:31,  4.22it/s] 36%|███▋      | 363/1000 [02:17<02:09,  4.90it/s] 36%|███▋      | 364/1000 [02:17<03:15,  3.26it/s] 36%|███▋      | 365/1000 [02:18<04:00,  2.65it/s] 37%|███▋      | 366/1000 [02:18<03:31,  3.00it/s] 37%|███▋      | 368/1000 [02:19<03:35,  2.93it/s] 37%|███▋      | 369/1000 [02:20<06:48,  1.55it/s] 37%|███▋      | 371/1000 [02:21<05:21,  1.96it/s] 37%|███▋      | 373/1000 [02:21<04:41,  2.22it/s] 37%|███▋      | 374/1000 [02:22<04:40,  2.23it/s] 38%|███▊      | 376/1000 [02:22<03:26,  3.03it/s] 38%|███▊      | 377/1000 [02:22<03:34,  2.91it/s] 38%|███▊      | 378/1000 [02:22<03:10,  3.26it/s] 38%|███▊      | 379/1000 [02:23<02:54,  3.55it/s] 38%|███▊      | 381/1000 [02:23<02:30,  4.11it/s] 38%|███▊      | 383/1000 [02:23<02:20,  4.39it/s] 38%|███▊      | 384/1000 [02:24<03:20,  3.08it/s] 38%|███▊      | 385/1000 [02:24<02:46,  3.69it/s] 39%|███▊      | 386/1000 [02:25<04:19,  2.37it/s] 39%|███▊      | 387/1000 [02:25<05:15,  1.94it/s] 39%|███▉      | 388/1000 [02:26<05:43,  1.78it/s] 39%|███▉      | 391/1000 [02:26<04:20,  2.33it/s] 39%|███▉      | 392/1000 [02:27<03:53,  2.60it/s] 39%|███▉      | 393/1000 [02:27<03:17,  3.07it/s] 39%|███▉      | 394/1000 [02:27<03:30,  2.88it/s] 40%|███▉      | 395/1000 [02:28<03:43,  2.70it/s] 40%|███▉      | 396/1000 [02:28<03:41,  2.73it/s] 40%|████      | 400/1000 [02:29<03:03,  3.27it/s] 40%|████      | 401/1000 [02:29<03:24,  2.94it/s] 40%|████      | 402/1000 [02:30<03:39,  2.73it/s] 40%|████      | 403/1000 [02:30<04:46,  2.08it/s] 40%|████      | 404/1000 [02:31<05:06,  1.94it/s] 40%|████      | 405/1000 [02:32<05:49,  1.70it/s] 41%|████      | 406/1000 [02:32<04:42,  2.10it/s] 41%|████      | 408/1000 [02:32<03:43,  2.65it/s] 41%|████      | 409/1000 [02:34<08:29,  1.16it/s] 41%|████      | 410/1000 [02:34<06:22,  1.54it/s] 41%|████      | 411/1000 [02:35<06:06,  1.61it/s] 41%|████▏     | 413/1000 [02:36<05:11,  1.89it/s] 41%|████▏     | 414/1000 [02:36<04:15,  2.29it/s] 42%|████▏     | 416/1000 [02:36<03:24,  2.86it/s] 42%|████▏     | 419/1000 [02:36<02:31,  3.84it/s] 42%|████▏     | 421/1000 [02:37<03:15,  2.97it/s] 42%|████▏     | 423/1000 [02:38<02:35,  3.72it/s] 42%|████▎     | 425/1000 [02:38<02:47,  3.43it/s] 43%|████▎     | 426/1000 [02:38<02:30,  3.80it/s] 43%|████▎     | 427/1000 [02:39<02:42,  3.53it/s] 43%|████▎     | 429/1000 [02:39<02:24,  3.94it/s] 43%|████▎     | 430/1000 [02:40<03:07,  3.04it/s] 43%|████▎     | 431/1000 [02:40<02:48,  3.38it/s] 43%|████▎     | 432/1000 [02:40<02:50,  3.32it/s] 43%|████▎     | 433/1000 [02:41<05:34,  1.70it/s] 44%|████▎     | 435/1000 [02:42<04:08,  2.28it/s] 44%|████▎     | 436/1000 [02:42<03:25,  2.75it/s] 44%|████▎     | 437/1000 [02:43<06:44,  1.39it/s] 44%|████▍     | 439/1000 [02:44<05:16,  1.77it/s] 44%|████▍     | 441/1000 [02:45<05:18,  1.76it/s] 44%|████▍     | 442/1000 [02:45<05:11,  1.79it/s] 44%|████▍     | 443/1000 [02:46<03:59,  2.33it/s] 44%|████▍     | 444/1000 [02:46<03:43,  2.49it/s] 44%|████▍     | 445/1000 [02:46<03:09,  2.93it/s] 45%|████▍     | 446/1000 [02:46<02:42,  3.42it/s] 45%|████▍     | 448/1000 [02:48<03:52,  2.38it/s] 45%|████▌     | 450/1000 [02:49<03:49,  2.40it/s] 45%|████▌     | 451/1000 [02:49<04:28,  2.04it/s] 45%|████▌     | 452/1000 [02:49<03:41,  2.48it/s] 45%|████▌     | 453/1000 [02:50<03:17,  2.76it/s] 45%|████▌     | 454/1000 [02:50<03:49,  2.37it/s] 46%|████▌     | 455/1000 [02:52<06:19,  1.44it/s] 46%|████▌     | 456/1000 [02:52<06:31,  1.39it/s] 46%|████▌     | 457/1000 [02:53<05:11,  1.74it/s] 46%|████▌     | 458/1000 [02:53<05:23,  1.68it/s] 46%|████▌     | 459/1000 [02:53<04:28,  2.02it/s] 46%|████▌     | 461/1000 [02:55<04:38,  1.94it/s] 46%|████▌     | 462/1000 [02:55<03:38,  2.47it/s] 46%|████▋     | 463/1000 [02:55<03:11,  2.81it/s] 46%|████▋     | 464/1000 [02:56<05:28,  1.63it/s] 46%|████▋     | 465/1000 [02:57<05:09,  1.73it/s] 47%|████▋     | 466/1000 [02:58<05:55,  1.50it/s] 47%|████▋     | 467/1000 [02:58<04:46,  1.86it/s] 47%|████▋     | 468/1000 [02:58<03:45,  2.36it/s] 47%|████▋     | 469/1000 [02:58<03:07,  2.83it/s] 47%|████▋     | 471/1000 [02:58<02:28,  3.56it/s] 47%|████▋     | 472/1000 [02:59<02:33,  3.43it/s] 47%|████▋     | 473/1000 [02:59<02:42,  3.25it/s] 47%|████▋     | 474/1000 [02:59<02:30,  3.49it/s] 48%|████▊     | 475/1000 [03:00<03:28,  2.51it/s] 48%|████▊     | 476/1000 [03:00<03:53,  2.24it/s] 48%|████▊     | 477/1000 [03:01<04:49,  1.81it/s] 48%|████▊     | 478/1000 [03:02<04:30,  1.93it/s] 48%|████▊     | 479/1000 [03:02<04:08,  2.10it/s] 48%|████▊     | 481/1000 [03:02<03:05,  2.79it/s] 48%|████▊     | 482/1000 [03:02<02:39,  3.25it/s] 48%|████▊     | 483/1000 [03:03<02:20,  3.68it/s] 48%|████▊     | 484/1000 [03:03<01:57,  4.38it/s] 48%|████▊     | 485/1000 [03:03<01:39,  5.18it/s] 49%|████▊     | 486/1000 [03:03<01:38,  5.21it/s] 49%|████▉     | 489/1000 [03:03<01:14,  6.84it/s] 49%|████▉     | 491/1000 [03:04<02:24,  3.52it/s] 49%|████▉     | 494/1000 [03:05<01:53,  4.47it/s] 50%|████▉     | 495/1000 [03:06<03:37,  2.33it/s] 50%|████▉     | 496/1000 [03:06<03:36,  2.32it/s] 50%|████▉     | 498/1000 [03:08<04:31,  1.85it/s] 50%|████▉     | 499/1000 [03:09<05:47,  1.44it/s] 50%|█████     | 501/1000 [03:09<04:50,  1.72it/s] 50%|█████     | 502/1000 [03:09<03:46,  2.20it/s] 50%|█████     | 503/1000 [03:10<03:26,  2.40it/s] 50%|█████     | 504/1000 [03:10<03:00,  2.75it/s] 51%|█████     | 506/1000 [03:11<02:55,  2.82it/s] 51%|█████     | 509/1000 [03:11<02:17,  3.58it/s] 51%|█████     | 510/1000 [03:12<03:01,  2.70it/s] 51%|█████     | 511/1000 [03:12<02:21,  3.45it/s] 51%|█████     | 512/1000 [03:12<03:35,  2.26it/s] 51%|█████▏    | 513/1000 [03:13<03:08,  2.58it/s] 51%|█████▏    | 514/1000 [03:13<02:53,  2.81it/s] 52%|█████▏    | 515/1000 [03:13<03:11,  2.54it/s] 52%|█████▏    | 516/1000 [03:14<03:28,  2.32it/s] 52%|█████▏    | 517/1000 [03:15<04:25,  1.82it/s] 52%|█████▏    | 518/1000 [03:15<03:55,  2.05it/s] 52%|█████▏    | 520/1000 [03:16<03:15,  2.46it/s] 52%|█████▏    | 521/1000 [03:16<02:48,  2.84it/s] 52%|█████▏    | 522/1000 [03:17<03:54,  2.04it/s] 52%|█████▏    | 524/1000 [03:17<02:56,  2.70it/s] 52%|█████▎    | 525/1000 [03:17<03:06,  2.55it/s] 53%|█████▎    | 526/1000 [03:18<02:49,  2.80it/s] 53%|█████▎    | 527/1000 [03:18<02:15,  3.49it/s] 53%|█████▎    | 529/1000 [03:18<01:50,  4.27it/s] 53%|█████▎    | 530/1000 [03:18<01:41,  4.62it/s] 53%|█████▎    | 531/1000 [03:18<02:04,  3.76it/s] 53%|█████▎    | 532/1000 [03:19<03:14,  2.41it/s] 53%|█████▎    | 533/1000 [03:20<03:48,  2.05it/s] 53%|█████▎    | 534/1000 [03:21<04:38,  1.68it/s] 54%|█████▎    | 536/1000 [03:21<03:42,  2.08it/s] 54%|█████▍    | 538/1000 [03:21<02:52,  2.68it/s] 54%|█████▍    | 539/1000 [03:22<02:31,  3.05it/s] 54%|█████▍    | 540/1000 [03:22<03:24,  2.25it/s] 54%|█████▍    | 541/1000 [03:23<03:31,  2.17it/s] 54%|█████▍    | 542/1000 [03:23<03:58,  1.92it/s] 54%|█████▍    | 543/1000 [03:24<03:37,  2.10it/s] 54%|█████▍    | 544/1000 [03:24<03:43,  2.04it/s] 55%|█████▍    | 545/1000 [03:25<03:08,  2.41it/s] 55%|█████▍    | 546/1000 [03:25<02:32,  2.98it/s] 55%|█████▍    | 548/1000 [03:25<02:04,  3.62it/s] 55%|█████▍    | 549/1000 [03:25<01:42,  4.41it/s] 55%|█████▌    | 551/1000 [03:25<01:20,  5.61it/s] 55%|█████▌    | 554/1000 [03:26<01:14,  6.00it/s] 56%|█████▌    | 555/1000 [03:26<01:31,  4.84it/s] 56%|█████▌    | 556/1000 [03:27<02:38,  2.79it/s] 56%|█████▌    | 558/1000 [03:27<02:10,  3.38it/s] 56%|█████▌    | 559/1000 [03:27<01:49,  4.02it/s] 56%|█████▌    | 562/1000 [03:29<02:18,  3.16it/s] 56%|█████▋    | 563/1000 [03:30<04:52,  1.50it/s] 56%|█████▋    | 565/1000 [03:30<03:43,  1.94it/s] 57%|█████▋    | 567/1000 [03:31<03:11,  2.26it/s] 57%|█████▋    | 568/1000 [03:31<02:28,  2.91it/s] 57%|█████▋    | 569/1000 [03:31<02:00,  3.59it/s] 57%|█████▋    | 571/1000 [03:31<01:38,  4.37it/s] 57%|█████▋    | 573/1000 [03:32<02:11,  3.24it/s] 57%|█████▋    | 574/1000 [03:33<02:23,  2.97it/s] 57%|█████▊    | 575/1000 [03:34<04:13,  1.68it/s] 58%|█████▊    | 577/1000 [03:35<03:50,  1.83it/s] 58%|█████▊    | 579/1000 [03:35<03:04,  2.28it/s] 58%|█████▊    | 580/1000 [03:36<03:16,  2.13it/s] 58%|█████▊    | 582/1000 [03:37<03:14,  2.14it/s] 59%|█████▊    | 586/1000 [03:37<02:35,  2.67it/s] 59%|█████▉    | 588/1000 [03:39<03:18,  2.08it/s] 59%|█████▉    | 589/1000 [03:39<02:37,  2.61it/s] 59%|█████▉    | 591/1000 [03:39<02:08,  3.17it/s] 59%|█████▉    | 593/1000 [03:40<01:50,  3.69it/s] 59%|█████▉    | 594/1000 [03:40<02:01,  3.35it/s] 60%|█████▉    | 595/1000 [03:40<01:53,  3.57it/s] 60%|█████▉    | 596/1000 [03:41<02:24,  2.80it/s] 60%|█████▉    | 597/1000 [03:41<02:41,  2.49it/s] 60%|█████▉    | 599/1000 [03:42<02:24,  2.78it/s] 60%|██████    | 601/1000 [03:42<01:55,  3.46it/s] 60%|██████    | 602/1000 [03:42<01:48,  3.66it/s] 60%|██████    | 603/1000 [03:43<03:14,  2.04it/s] 60%|██████    | 604/1000 [03:43<02:44,  2.41it/s] 61%|██████    | 606/1000 [03:44<02:10,  3.01it/s] 61%|██████    | 607/1000 [03:44<02:04,  3.16it/s] 61%|██████    | 609/1000 [03:44<01:49,  3.57it/s] 61%|██████    | 611/1000 [03:46<02:46,  2.34it/s] 61%|██████    | 612/1000 [03:46<02:24,  2.68it/s] 61%|██████▏   | 613/1000 [03:46<01:53,  3.42it/s] 61%|██████▏   | 614/1000 [03:46<01:34,  4.11it/s] 62%|██████▏   | 615/1000 [03:47<01:39,  3.85it/s] 62%|██████▏   | 617/1000 [03:48<02:28,  2.58it/s] 62%|██████▏   | 618/1000 [03:48<02:14,  2.85it/s] 62%|██████▏   | 619/1000 [03:48<01:47,  3.54it/s] 62%|██████▏   | 620/1000 [03:49<01:39,  3.81it/s] 62%|██████▏   | 621/1000 [03:50<02:48,  2.25it/s] 62%|██████▏   | 622/1000 [03:50<02:38,  2.38it/s] 62%|██████▏   | 623/1000 [03:51<03:07,  2.01it/s] 62%|██████▏   | 624/1000 [03:51<02:36,  2.40it/s] 62%|██████▎   | 625/1000 [03:51<02:18,  2.70it/s] 63%|██████▎   | 626/1000 [03:51<01:48,  3.43it/s] 63%|██████▎   | 627/1000 [03:51<01:44,  3.56it/s] 63%|██████▎   | 628/1000 [03:52<01:30,  4.13it/s] 63%|██████▎   | 629/1000 [03:52<01:56,  3.18it/s] 63%|██████▎   | 631/1000 [03:53<02:07,  2.89it/s] 64%|██████▎   | 636/1000 [03:53<01:33,  3.91it/s] 64%|██████▎   | 637/1000 [03:53<01:29,  4.07it/s] 64%|██████▍   | 639/1000 [03:54<01:30,  3.99it/s] 64%|██████▍   | 640/1000 [03:54<01:16,  4.71it/s] 64%|██████▍   | 642/1000 [03:56<02:33,  2.33it/s] 64%|██████▍   | 643/1000 [03:56<02:12,  2.70it/s] 64%|██████▍   | 644/1000 [03:57<03:56,  1.50it/s] 64%|██████▍   | 645/1000 [03:58<03:05,  1.91it/s] 65%|██████▍   | 646/1000 [03:58<02:45,  2.14it/s] 65%|██████▍   | 647/1000 [03:59<03:11,  1.85it/s] 65%|██████▍   | 648/1000 [03:59<02:41,  2.17it/s] 65%|██████▍   | 649/1000 [03:59<02:14,  2.60it/s] 65%|██████▌   | 650/1000 [03:59<01:49,  3.19it/s] 65%|██████▌   | 652/1000 [03:59<01:23,  4.18it/s] 65%|██████▌   | 653/1000 [04:00<01:55,  3.01it/s] 65%|██████▌   | 654/1000 [04:00<01:34,  3.68it/s] 66%|██████▌   | 655/1000 [04:01<01:45,  3.27it/s] 66%|██████▌   | 656/1000 [04:02<03:41,  1.55it/s] 66%|██████▌   | 658/1000 [04:03<03:25,  1.66it/s] 66%|██████▌   | 659/1000 [04:03<02:52,  1.97it/s] 66%|██████▌   | 661/1000 [04:04<02:14,  2.52it/s] 66%|██████▋   | 663/1000 [04:04<02:02,  2.74it/s] 66%|██████▋   | 664/1000 [04:05<02:01,  2.76it/s] 67%|██████▋   | 666/1000 [04:05<01:58,  2.82it/s] 67%|██████▋   | 668/1000 [04:05<01:28,  3.75it/s] 67%|██████▋   | 669/1000 [04:06<01:52,  2.94it/s] 67%|██████▋   | 670/1000 [04:06<01:58,  2.79it/s] 67%|██████▋   | 672/1000 [04:07<01:40,  3.26it/s] 67%|██████▋   | 673/1000 [04:07<01:48,  3.03it/s] 67%|██████▋   | 674/1000 [04:08<02:07,  2.56it/s] 68%|██████▊   | 676/1000 [04:09<02:32,  2.12it/s] 68%|██████▊   | 678/1000 [04:09<02:03,  2.60it/s] 68%|██████▊   | 680/1000 [04:09<01:36,  3.33it/s] 68%|██████▊   | 682/1000 [04:11<02:38,  2.01it/s] 68%|██████▊   | 683/1000 [04:12<02:55,  1.80it/s] 68%|██████▊   | 685/1000 [04:13<02:27,  2.14it/s] 69%|██████▊   | 686/1000 [04:14<03:18,  1.58it/s] 69%|██████▉   | 688/1000 [04:14<02:24,  2.16it/s] 69%|██████▉   | 690/1000 [04:14<01:52,  2.76it/s] 69%|██████▉   | 691/1000 [04:14<01:31,  3.38it/s] 69%|██████▉   | 692/1000 [04:14<01:39,  3.08it/s] 69%|██████▉   | 693/1000 [04:15<02:14,  2.29it/s] 69%|██████▉   | 694/1000 [04:15<01:57,  2.60it/s] 70%|██████▉   | 695/1000 [04:16<02:29,  2.04it/s] 70%|██████▉   | 696/1000 [04:16<01:57,  2.60it/s] 70%|██████▉   | 697/1000 [04:16<01:38,  3.09it/s] 70%|██████▉   | 698/1000 [04:17<02:07,  2.37it/s] 70%|███████   | 700/1000 [04:17<01:39,  3.00it/s] 70%|███████   | 701/1000 [04:19<03:49,  1.30it/s] 70%|███████   | 702/1000 [04:19<03:06,  1.60it/s] 70%|███████   | 703/1000 [04:20<02:31,  1.96it/s] 70%|███████   | 704/1000 [04:20<02:02,  2.42it/s] 71%|███████   | 706/1000 [04:20<01:35,  3.09it/s] 71%|███████   | 707/1000 [04:20<01:38,  2.98it/s] 71%|███████   | 708/1000 [04:22<03:15,  1.49it/s] 71%|███████   | 709/1000 [04:22<02:57,  1.64it/s] 71%|███████   | 710/1000 [04:23<02:57,  1.63it/s] 71%|███████   | 712/1000 [04:24<02:29,  1.93it/s] 71%|███████▏  | 714/1000 [04:24<02:03,  2.32it/s] 72%|███████▏  | 715/1000 [04:25<02:22,  2.00it/s] 72%|███████▏  | 716/1000 [04:25<02:22,  1.99it/s] 72%|███████▏  | 719/1000 [04:25<01:43,  2.73it/s] 72%|███████▏  | 721/1000 [04:26<01:17,  3.59it/s] 72%|███████▎  | 725/1000 [04:26<00:57,  4.80it/s] 73%|███████▎  | 727/1000 [04:26<01:06,  4.12it/s] 73%|███████▎  | 729/1000 [04:27<01:07,  4.04it/s] 73%|███████▎  | 730/1000 [04:27<01:01,  4.42it/s] 73%|███████▎  | 732/1000 [04:27<00:46,  5.77it/s] 73%|███████▎  | 734/1000 [04:30<02:30,  1.77it/s] 74%|███████▎  | 735/1000 [04:30<02:00,  2.20it/s] 74%|███████▍  | 739/1000 [04:31<01:39,  2.64it/s] 74%|███████▍  | 740/1000 [04:32<02:09,  2.01it/s] 74%|███████▍  | 741/1000 [04:32<01:40,  2.59it/s] 74%|███████▍  | 742/1000 [04:32<01:36,  2.68it/s] 74%|███████▍  | 743/1000 [04:33<02:24,  1.77it/s] 74%|███████▍  | 744/1000 [04:34<02:26,  1.75it/s] 74%|███████▍  | 745/1000 [04:34<02:08,  1.99it/s] 75%|███████▍  | 747/1000 [04:35<01:42,  2.47it/s] 75%|███████▍  | 748/1000 [04:35<01:39,  2.53it/s] 75%|███████▌  | 750/1000 [04:36<01:45,  2.36it/s] 75%|███████▌  | 751/1000 [04:36<01:30,  2.75it/s] 75%|███████▌  | 752/1000 [04:37<01:50,  2.24it/s] 75%|███████▌  | 754/1000 [04:37<01:26,  2.83it/s] 76%|███████▌  | 755/1000 [04:38<01:48,  2.25it/s] 76%|███████▌  | 756/1000 [04:38<01:47,  2.27it/s] 76%|███████▌  | 757/1000 [04:39<02:15,  1.79it/s] 76%|███████▌  | 758/1000 [04:39<01:48,  2.23it/s] 76%|███████▌  | 760/1000 [04:39<01:20,  2.96it/s] 76%|███████▌  | 761/1000 [04:40<01:45,  2.26it/s] 76%|███████▋  | 764/1000 [04:40<01:21,  2.89it/s] 76%|███████▋  | 765/1000 [04:41<01:20,  2.92it/s] 77%|███████▋  | 766/1000 [04:41<01:35,  2.46it/s] 77%|███████▋  | 767/1000 [04:42<01:42,  2.28it/s] 77%|███████▋  | 768/1000 [04:43<02:17,  1.68it/s] 77%|███████▋  | 770/1000 [04:43<01:40,  2.29it/s] 77%|███████▋  | 771/1000 [04:43<01:41,  2.25it/s] 77%|███████▋  | 772/1000 [04:44<01:21,  2.79it/s] 77%|███████▋  | 773/1000 [04:44<01:50,  2.05it/s] 77%|███████▋  | 774/1000 [04:45<01:43,  2.19it/s] 78%|███████▊  | 776/1000 [04:45<01:25,  2.63it/s] 78%|███████▊  | 777/1000 [04:46<02:09,  1.72it/s] 78%|███████▊  | 778/1000 [04:47<01:58,  1.87it/s] 78%|███████▊  | 779/1000 [04:47<01:36,  2.29it/s] 78%|███████▊  | 781/1000 [04:47<01:19,  2.77it/s] 78%|███████▊  | 783/1000 [04:48<01:13,  2.94it/s] 78%|███████▊  | 785/1000 [04:48<00:56,  3.79it/s] 79%|███████▊  | 786/1000 [04:49<01:21,  2.61it/s] 79%|███████▊  | 787/1000 [04:49<01:06,  3.23it/s] 79%|███████▉  | 789/1000 [04:49<00:55,  3.82it/s] 79%|███████▉  | 790/1000 [04:49<00:56,  3.73it/s] 79%|███████▉  | 791/1000 [04:50<01:09,  3.00it/s] 79%|███████▉  | 792/1000 [04:50<01:00,  3.42it/s] 79%|███████▉  | 793/1000 [04:50<00:49,  4.15it/s] 79%|███████▉  | 794/1000 [04:50<00:42,  4.89it/s] 80%|███████▉  | 795/1000 [04:51<00:49,  4.12it/s] 80%|███████▉  | 797/1000 [04:51<00:50,  4.04it/s] 80%|███████▉  | 798/1000 [04:52<01:00,  3.34it/s] 80%|███████▉  | 799/1000 [04:53<01:42,  1.97it/s] 80%|████████  | 800/1000 [04:53<01:22,  2.41it/s] 80%|████████  | 801/1000 [04:54<01:47,  1.84it/s] 80%|████████  | 803/1000 [04:54<01:22,  2.39it/s] 80%|████████  | 804/1000 [04:54<01:11,  2.73it/s] 81%|████████  | 806/1000 [04:54<00:56,  3.41it/s] 81%|████████  | 807/1000 [04:55<01:04,  3.01it/s] 81%|████████  | 809/1000 [04:55<00:59,  3.21it/s] 81%|████████  | 810/1000 [04:56<01:11,  2.67it/s] 81%|████████  | 811/1000 [04:56<01:16,  2.46it/s] 81%|████████  | 812/1000 [04:57<01:23,  2.25it/s] 81%|████████▏ | 813/1000 [04:57<01:10,  2.64it/s] 81%|████████▏ | 814/1000 [04:57<01:09,  2.67it/s] 82%|████████▏ | 815/1000 [04:58<01:02,  2.97it/s] 82%|████████▏ | 816/1000 [04:59<01:35,  1.93it/s] 82%|████████▏ | 817/1000 [04:59<01:45,  1.73it/s] 82%|████████▏ | 819/1000 [05:00<01:25,  2.13it/s] 82%|████████▏ | 820/1000 [05:00<01:23,  2.17it/s] 82%|████████▏ | 821/1000 [05:00<01:09,  2.56it/s] 82%|████████▏ | 822/1000 [05:01<01:13,  2.43it/s] 82%|████████▏ | 823/1000 [05:02<01:45,  1.67it/s] 82%|████████▏ | 824/1000 [05:02<01:22,  2.12it/s] 83%|████████▎ | 827/1000 [05:02<00:59,  2.93it/s] 83%|████████▎ | 828/1000 [05:03<00:56,  3.05it/s] 83%|████████▎ | 830/1000 [05:03<00:54,  3.11it/s] 83%|████████▎ | 832/1000 [05:04<00:49,  3.40it/s] 83%|████████▎ | 833/1000 [05:04<00:47,  3.53it/s] 84%|████████▎ | 835/1000 [05:04<00:38,  4.24it/s] 84%|████████▎ | 836/1000 [05:05<01:12,  2.26it/s] 84%|████████▎ | 837/1000 [05:06<01:28,  1.85it/s] 84%|████████▍ | 838/1000 [05:06<01:08,  2.35it/s] 84%|████████▍ | 839/1000 [05:06<00:53,  3.03it/s] 84%|████████▍ | 840/1000 [05:06<00:44,  3.58it/s] 84%|████████▍ | 841/1000 [05:07<01:26,  1.85it/s] 84%|████████▍ | 842/1000 [05:08<01:20,  1.97it/s] 84%|████████▍ | 844/1000 [05:08<01:01,  2.54it/s] 85%|████████▍ | 847/1000 [05:08<00:47,  3.19it/s] 85%|████████▍ | 848/1000 [05:09<00:44,  3.44it/s] 85%|████████▍ | 849/1000 [05:09<00:46,  3.21it/s] 85%|████████▌ | 850/1000 [05:10<01:01,  2.42it/s] 85%|████████▌ | 851/1000 [05:10<00:54,  2.74it/s] 85%|████████▌ | 852/1000 [05:10<00:44,  3.30it/s] 85%|████████▌ | 854/1000 [05:10<00:39,  3.67it/s] 86%|████████▌ | 855/1000 [05:11<01:05,  2.20it/s] 86%|████████▌ | 856/1000 [05:12<01:18,  1.83it/s] 86%|████████▌ | 857/1000 [05:12<01:09,  2.06it/s] 86%|████████▌ | 859/1000 [05:13<00:59,  2.36it/s] 86%|████████▌ | 860/1000 [05:14<01:25,  1.63it/s] 86%|████████▌ | 862/1000 [05:15<01:13,  1.87it/s] 86%|████████▋ | 863/1000 [05:15<01:14,  1.84it/s] 86%|████████▋ | 864/1000 [05:15<00:56,  2.40it/s] 87%|████████▋ | 867/1000 [05:16<00:43,  3.03it/s] 87%|████████▋ | 869/1000 [05:16<00:35,  3.73it/s] 87%|████████▋ | 870/1000 [05:16<00:29,  4.35it/s] 87%|████████▋ | 871/1000 [05:17<01:00,  2.15it/s] 87%|████████▋ | 873/1000 [05:18<00:59,  2.15it/s] 87%|████████▋ | 874/1000 [05:19<00:56,  2.24it/s] 88%|████████▊ | 875/1000 [05:19<00:50,  2.50it/s] 88%|████████▊ | 876/1000 [05:19<00:40,  3.06it/s] 88%|████████▊ | 877/1000 [05:20<00:48,  2.53it/s] 88%|████████▊ | 879/1000 [05:20<00:41,  2.89it/s] 88%|████████▊ | 880/1000 [05:21<01:07,  1.77it/s] 88%|████████▊ | 882/1000 [05:21<00:49,  2.36it/s] 88%|████████▊ | 884/1000 [05:22<00:42,  2.70it/s] 88%|████████▊ | 885/1000 [05:22<00:36,  3.18it/s] 89%|████████▊ | 887/1000 [05:23<00:47,  2.38it/s] 89%|████████▉ | 888/1000 [05:24<00:40,  2.74it/s] 89%|████████▉ | 889/1000 [05:24<00:34,  3.20it/s] 89%|████████▉ | 890/1000 [05:24<00:37,  2.91it/s] 89%|████████▉ | 892/1000 [05:25<00:35,  3.00it/s] 89%|████████▉ | 894/1000 [05:25<00:29,  3.64it/s] 90%|████████▉ | 895/1000 [05:25<00:31,  3.37it/s] 90%|████████▉ | 896/1000 [05:26<00:30,  3.42it/s] 90%|████████▉ | 897/1000 [05:27<00:51,  1.98it/s] 90%|████████▉ | 898/1000 [05:27<00:42,  2.42it/s] 90%|█████████ | 900/1000 [05:27<00:31,  3.19it/s] 90%|█████████ | 903/1000 [05:27<00:25,  3.79it/s] 91%|█████████ | 906/1000 [05:28<00:21,  4.31it/s] 91%|█████████ | 908/1000 [05:28<00:18,  5.11it/s] 91%|█████████ | 909/1000 [05:29<00:35,  2.58it/s] 91%|█████████ | 910/1000 [05:30<00:39,  2.25it/s] 91%|█████████ | 912/1000 [05:30<00:31,  2.77it/s] 91%|█████████▏| 914/1000 [05:31<00:33,  2.55it/s] 92%|█████████▏| 915/1000 [05:31<00:31,  2.68it/s] 92%|█████████▏| 916/1000 [05:32<00:31,  2.67it/s] 92%|█████████▏| 917/1000 [05:32<00:25,  3.28it/s] 92%|█████████▏| 918/1000 [05:32<00:25,  3.27it/s] 92%|█████████▏| 920/1000 [05:33<00:26,  3.06it/s] 92%|█████████▏| 923/1000 [05:33<00:20,  3.80it/s] 92%|█████████▏| 924/1000 [05:33<00:17,  4.28it/s] 92%|█████████▎| 925/1000 [05:33<00:15,  4.83it/s] 93%|█████████▎| 927/1000 [05:34<00:14,  5.16it/s] 93%|█████████▎| 928/1000 [05:34<00:12,  5.94it/s] 93%|█████████▎| 929/1000 [05:34<00:16,  4.33it/s] 93%|█████████▎| 930/1000 [05:34<00:14,  4.97it/s] 93%|█████████▎| 931/1000 [05:35<00:26,  2.64it/s] 93%|█████████▎| 933/1000 [05:36<00:28,  2.33it/s] 93%|█████████▎| 934/1000 [05:37<00:25,  2.62it/s] 94%|█████████▎| 936/1000 [05:38<00:33,  1.92it/s] 94%|█████████▍| 938/1000 [05:39<00:25,  2.41it/s] 94%|█████████▍| 941/1000 [05:39<00:19,  3.10it/s] 94%|█████████▍| 942/1000 [05:40<00:30,  1.92it/s] 94%|█████████▍| 944/1000 [05:40<00:21,  2.59it/s] 94%|█████████▍| 945/1000 [05:40<00:19,  2.76it/s] 95%|█████████▍| 946/1000 [05:41<00:20,  2.63it/s] 95%|█████████▍| 947/1000 [05:41<00:24,  2.12it/s] 95%|█████████▍| 948/1000 [05:42<00:19,  2.63it/s] 95%|█████████▍| 949/1000 [05:42<00:15,  3.28it/s] 95%|█████████▌| 951/1000 [05:42<00:13,  3.66it/s] 95%|█████████▌| 954/1000 [05:43<00:11,  3.87it/s] 96%|█████████▌| 955/1000 [05:43<00:11,  4.00it/s] 96%|█████████▌| 956/1000 [05:43<00:13,  3.26it/s] 96%|█████████▌| 958/1000 [05:44<00:15,  2.75it/s] 96%|█████████▌| 959/1000 [05:45<00:18,  2.17it/s] 96%|█████████▌| 960/1000 [05:46<00:18,  2.16it/s] 96%|█████████▌| 961/1000 [05:46<00:20,  1.92it/s] 96%|█████████▌| 962/1000 [05:47<00:20,  1.87it/s] 96%|█████████▋| 964/1000 [05:47<00:14,  2.53it/s] 97%|█████████▋| 966/1000 [05:47<00:10,  3.11it/s] 97%|█████████▋| 970/1000 [05:47<00:06,  4.30it/s] 97%|█████████▋| 972/1000 [05:48<00:05,  5.00it/s] 97%|█████████▋| 974/1000 [05:48<00:06,  3.74it/s] 98%|█████████▊| 976/1000 [05:49<00:06,  3.85it/s] 98%|█████████▊| 977/1000 [05:49<00:05,  4.19it/s] 98%|█████████▊| 979/1000 [05:49<00:04,  5.23it/s] 98%|█████████▊| 980/1000 [05:50<00:04,  4.98it/s] 98%|█████████▊| 982/1000 [05:50<00:03,  5.01it/s] 98%|█████████▊| 984/1000 [05:51<00:03,  4.29it/s] 98%|█████████▊| 985/1000 [05:51<00:03,  4.69it/s] 99%|█████████▊| 986/1000 [05:51<00:02,  4.74it/s] 99%|█████████▊| 987/1000 [05:51<00:02,  5.08it/s] 99%|█████████▉| 988/1000 [05:51<00:02,  5.46it/s] 99%|█████████▉| 990/1000 [05:51<00:01,  6.69it/s] 99%|█████████▉| 991/1000 [05:51<00:01,  7.36it/s] 99%|█████████▉| 993/1000 [05:52<00:01,  5.67it/s]100%|█████████▉| 996/1000 [05:52<00:00,  7.08it/s]100%|██████████| 1000/1000 [05:52<00:00,  9.34it/s]100%|██████████| 1000/1000 [05:52<00:00,  2.83it/s]
[ 2022-05-28 10:52:37.738826 ] Calculate Evolink index
[ 2022-05-28 10:52:46.808476 ] Output result
